1@The system must use a point and click interface. 100% of all selection and navigation functionality must be able to be activated/selected by either a mouse or a keyboard. @1 0

2@The product shall give users feedback when necessary. 80% of the users surveyed report that the product accurately confirms their actions. @1 0

3@System shall let customers register on the website  in under 5 minutes. @0 -1

4@Izogn Administrator must be able to update the category listings on the website within 2 minutes. @0 -1

5@The system shall be easy to learn by callers and supervisors. Callers and supervisors shall learn how to use the system within 10 minutes. @0 -1

6@100% of saved user preferences shall be restored when system comes back online. @1 0

7@The platform shall be able to support multiple concurrent users.@1 1

8@The product shall poll the system for messages every second.The product shall poll the system for new messages at a maximum of every 1 second.@0 -1

9@The process must fit within the processing time conditions set forth by the Auto Rep Assignment process in which a lead is assigned within 3 minutes of the total life cycle.@0 -1

10@The product shall synchronize contacts and appointments in an acceptable time. @-1 -1

11@The product shall make the users want to use it. 80% of the users surveyed report they are regularly using the product after the first 2 weeks post-launch. @1 0

12@The website shall be available for use 24 hours per day  365 days per year. @1 1

13@90% of survey respondents from each target market country will find that the date and time formatting of the product is correct. @1 0

14@The product shall poll the system for messages every second.The product shall poll the system for new messages at a maximum of every 1 second. @0 -1

15@System shall let customers register on the website as a ìpay as you goî user in under 5 minutes.@0 -1

16@The product interface should be fast. The response time of the product interface should not exceed 2 seconds. @0 -1

17@The website shall be available for use 24 hours per day  365 days per year.@1 1

18@The response time shall be fast enough to maintain the flow of the game.  The response time shall be no more than 2 seconds. @0 -1

19@On a 112k connection or faster  the system response time for all operations must be no more than 3 seconds 90% of the time.@1 0

20@The streaming server will support a maximum of 700 movies; new servers can be added to support more movies.@1 0

21@Total lead cycle time must be completed for 90% of lead volume between the business hours of 8AM CST to 8PM CST. @1 0

22@The RFS system should be available 24/7  especially during the budgeting period.  @1 0

23@The service shall be available for use 18 hours per day, 300 days per year.@1 1

24@The recycled parts audit report shall be returned to the user within 10 seconds.  The audit report shall be returned within 10 seconds.@0 -1

25@As long as the user has a stable network connection, the application will be available 95% of the time during the first three months of operation.@1 0

26@Total lead cycle time must be completed in 3 minutes. @0 -1

27@Maintenance releases will be offered to customers once a year.  The releases shall take no longer than 5 minutes for 80% of the customer base to install. @0 -1

28@System shall let the administrator add/remove categories on the website in under 5 minutes.@0 -1

29@98% of the user workstations shall meet the minimum hardware requirements prior to implementation. @1 0

30@The WCS system must run queries to the WCS databases once again (on a specified day) to update the available data available to CCR users. Queries must be made to external databases for data refresh once a week. @1 -1

31@Promotional updates to the website should take a day to update. @0 -1

32@Users should be able to access their streaming movies in under 2 clicks after logging into the website. @0 -1

33@On a 112k connection or faster  the system response time for all operations must be no more than 3 seconds. @0 -1

34@The website shall be able to support 500 simultaneous visitors.@1 0

35@The query results shall be presented no later than 45 seconds after the user has input the query parameters.@0 -1

36@The system shall be easy to use by callers and supervisors. Callers and supervisors must be able to accomplish any system task within 2 minutes. @0 -1

37@The Disputes application shall interface with the Cardmember Posting and Billing System.  This will allow the Disputes application to request adjustments to cardmember and merchant accounts. All adjustment requests must be sent to the Cardmember Posting and Billing System. @1 1

38@The product shall be able to handle up to 1500 simultaneous users. The system shall perform with 1500 users as a time. @1 0

39@The maximum wait time for a user navigating from one screen to another within the Disputes application shall be no more than 5 seconds. @0 -1

40@The remaining 5% will be corrected and approved within one month of product release. @0 -1

41@The average number of recycled parts records per day shall be 50 000.@1 -1

42@The product shall be able to process all transactions.The product shall process minimum of 1 million transactions per year. @1 0

43@The product shall be easy to use by Adjusters and Collision Estimators.  95% of Adjusters and Collision Estimators shall find the product easy to use. @1 0

44@The application shall accommodate 20 simultaneous users.@1 0

45@The product shall provide Error Tracking Services.The product shall help the System Administrators and DBAs to resolve transaction errors 99% of the time. @1 0

46@The interface shall be appealing to callers and supervisors. In the interface and usability survey  80% of beta testers must report that the interface is appealing. @1 0

47@Any interface between a user and the automated system shall have a maximum response time of 5 seconds  unless noted by an exception below.@0 -1

48@The system must be available for use between 7:00AM and 11:59PM all days of the year.@1 0

49@The application shall have a downtime of at most 10 minutes per year.@0 -1

50@For leads that process longer than 25 seconds the system will record the event and duration. @0 -1

51@Customers should be able to purchase and watch a pre-determined movie in under 3 minutes.@0 -1

52@No lead evaluation will complete in a time period longer than 25 seconds for 97% of all leads processed.@1 0

53@The product shall be updated on a regular basis.The product will have a new major feature introduced every six months and quarterly maintenance releases every six months. @1 -1

54@The tool shall create a summary report in an acceptable time.@-1 -1

55@The product shall increase productivity of Collision Estimators. 80% of the Collision Estimators shall agree their productivity has increase within 1 month of using the product. @1 0

56@The system shall update the inventory in an acceptable time.@-1 -1

57@system shall be able to handle all of the user requests/usage during business hours. @1 1

58@Out of 500 accesses to the database, the database is available 995 times.@1 0

59@The process must fit within the processing time conditions set forth by the Auto Rep Assignment process in which a lead is assigned within 3 minutes of the total life cycle. @0 -1

60@The product shall be able to process 10 000 transactions per hour within two years of its launch.  This number will increase to 20 000 by Release 2.@1 0

61@Izogn Administrator must be able to update the category listings on the website within 2 minutes.@0 -1

62@The product shall adhere to the corporate online availability schedule.  The application is brought down only within 98% of the scheduled outages per the availability schedule.@0 -1

63@No lead evaluation will complete in a time period longer than 25 seconds. @0 -1

64@no more than 4% for the remaining responses. @0 -1

65@100% of customers will be able to receive automatic software updates transmitted to the installed product. @1 0

66@The device shall update the status information every 120 seconds.@1 -1

67@The product and/or adjacent hardware/software systems data shall remain 100% uncorrupted each time malicious data is input into the product. @1 0

68@The application shall be able to complete every user transaction within one fourth of a second of receiving the request over the network. @0 -1

69@100% of all logons shall be by either company employees or external users with company-approved user IDs. @1 0

70@The response time shall be fast enough for 95% of responses. @1 0

71@The server shall synchronize with the backup system every 2 hours.@1 -1

72@All additions of new users and modifications to user access shall be recorded on the User Report. @1 1

73@The product shall able to handle a large number of games simultaneously. @1 1

74@90% of survey respondents from each target market country will find that the language of the product is acceptable. @1 0

75@The System shall allow for a minimum of  6 users to work at the same time.@1 0

76@The response time shall be fast enough to maintain the flow of the game.  The response time shall be no more than 2 seconds for 95% of responses and no more than 4% for the remaining responses.@1 0

77@ Customer shall be able to check the status of their prepaid card  by entering in the PIN number  in under 5 seconds.@0 -1

78@Administrator shall be able to activate a pre-paid card via the Administration section in under 5 seconds. @0 -1

79@The system shall be responsive. At the DePaul TeleServices Center  when a supervisor uses the system to view a callers schedule  the system response time must be no more than 2 seconds 90% of the time and no more than 5 seconds the rest of the time.@1 0

80@The Disputes application shall interface with the Letters application.  This will allow the Disputes application to request letters as part of the dispute initiation and dispute follow up process. All letter requests must be sent to the Print Letter Utility application. @1 1

81@The product shall be able to handle 10 000 concurrent users within 2 years of the initial launch. @1 0

82@The server will support a maximum of 1 000 simultaneous users.@1 0

83@The RFS system should be available 24/7  especially during the budgeting period. The RFS system shall be available 90% of the time all year  and 98% during the budgeting period. 2% of the time  the system will become available within 1 hour of the time that the situation is reported.@1 0

84@If projected  the data must be readable.  On a 10x10 projection screen  90% of viewers must be able to read Event / Activity data from a viewing distance of 30 @1 0

85@An employee will be able to successfully use the product within a few minutes.  After informally navigating the product for less than 15 minutes  users shall be able to successfully setup meetings and reserve conference rooms. @0 -1

86@data files shall be received from the BDW and loaded into the RFS system within 3 hours one day prior to the start of budgeting process  every year. @0 -1

87@A new user must be able to be added to the system within 10 minutes.  90% of new users are able to log into the system within 10 minutes. @0 -1

88@When purchasing a streaming movie or pre-paid card via credit card  the processing time should have a maximum response time of 15 seconds.@0 -1

89@The system shall be capable of processing 100% of nursing students and their classes for the next 10 years. @1 0

