1@When streaming a movie  the buffering time should take no longer than 10 seconds (plus any latency on the userís connection.)@0 -1

2@100% of the cardmember and merchant services representatives shall use the Disputes application regularly after a 2-day training course. @1 0

3@The website shall be capable of supporting 100 000 customers. @1 0

4@The streaming server will support a maximum of 700 movies; new servers can be added to support more movies. @1 0

5@The product shall process messages within 2 seconds.The product shall have a maximum message processing time of 2 seconds. @0 -1

6@The product shall have audit capabilities.The product shall store messages for a minimum of one year for audit and transaction tracking purposes. @1 0

7@The application shall be able to complete every user transaction within one fourth of a second of receiving the request over the network.@0 -1

8@The product shall be easy to use. 90% of users will be able to successfully reserve a conference room within 5 minutes of product use. @1 0

9@The system shall be responsive for 90% of the time. @1 0

10@The preferred repair facility ratings shall be saved within 5 seconds. The save shall occur within 5 seconds.@0 -1

11@The product shall able to handle a large number of games simultaneously. @1 1

12@System shall let customers register on the website in under 10 minutes. @0 -1

13@The response time shall be fast enough to maintain the flow of the game.  The response time shall be no more than 2 seconds for 95% of responses and no more than 4% for the remaining responses.@1 0

14@A new user shall be able to navigate through the league and team pages within 30 seconds of reaching the start-up page. @0 -1

15@The server will support a maximum of 1 000 simultaneous users.@1 0

16@System shall let administrator add/remove movies on the website in under 5 minutes. @0 -1

17@The CMA report shall be returned no later 60 seconds after the user has entered the CMA report criteria. @0 -1

18@The response time of common customer service tasks shall take no longer than 8 seconds and the response time of order processing shall take no longer than 60 seconds.@0 -1

19@The preferred repair facility ratings shall be saved within 5 seconds. The save shall occur within 5 seconds. @0 -1

20@When purchasing a streaming movie or pre-paid card via credit card  the processing time should have a maximum response time of 15 seconds.@0 -1

21@The product shall able to handle a large number of games simultaneously.@1 1

22@The System shall allow for a minimum of  6 users to work at the same time. @1 0

23@Total lead cycle time must be completed in 5 minutes. @0 -1

24@The Disputes application shall interface with the Letters application.  This will allow the Disputes application to request letters as part of the dispute initiation and dispute follow up process. All letter requests must be sent to the Print Letter Utility application. @1 1

25@The product shall adhere to the corporate online availability schedule.  The application is brought down only within 98% of the scheduled outages per the availability schedule.@0 -1

26@An anonymous survey will show that 70% of customers are comfortable purchasing streaming movies after 2 weeks using the website. @1 0

27@A new user must be able to be added to the system within 10 minutes.  90% of new users are able to log into the system within 10 minutes. @0 -1

28@On a 112k connection or faster  the system response time for all operations must be no more than 3 seconds 90% of the time.@1 0

29@The Disputes application shall be available 24x7x365  with the exception of the following scheduled maintenance windows.  Monday ?Saturday 3:00am to 4:00am EST Sunday 1:00amd to 5:00am EST @1 1

30@The system shall achieve 95% up time. @1 0

31@The product and/or dependent databases/filesystems shall remain operational as a result of the input of malicious data.  The product and/or dependent databases/filesystems shall not crash 100% of the time that malicious data is input into the product.@1 1

32@the system response time for all operations must be for 90% of the time. @1 0

33@100% of customers will be able to receive automatic software updates transmitted to the installed product. @1 0

34@The product shall be capable of handling up to 1 000 concurrent requests.  This number will increase to 2 000 by Release 2.  The concurrency capacity must be able to handle peak scheduling times such as early morning and late afternoon hours.@1 0

35@After one use a user should understand and remember 90% of the system usage and navigation. @1 0

36@Any interface between a user and the automated system shall have a maximum response time of 5 seconds  unless noted by an exception below.@0 -1

37@Team members shall be able to finish a series of tasks promptly.@-1 -1

38@System shall let existing customers log into the website with their email address and password in under 5 seconds. @0 -1

39@The response shall be fast enough to avoid interrupting the userís flow of thought.  90% of tasks shall complete within 5 seconds.  98% of tasks shall complete within 8 seconds.@1 0

40@The product interface should be fast. The response time of the product interface should not exceed 2 seconds. @0 -1

41@The device shall update the status information every 120 seconds.@1 -1

42@The RFS system shall be available 90% of the time all year  and 98% during the budgeting period.  @1 0

43@The product shall be updated on a regular basis.The product will have a new major feature introduced every six months and quarterly maintenance releases every six months. @1 -1

44@The recycled parts audit report shall be returned to the user within 10 seconds.  The audit report shall be returned within 10 seconds. @0 -1

45@The search for the preferred repair facility shall take no longer than 8 seconds.  The preferred repair facility is returned within 8 seconds @0 -1

46@The language of the product shall accommodate all of the target market countries. 90% of survey respondents from each target market country will find that the language of the product is acceptable.@1 0

47@Customers should be able to purchase and watch a pre-determined movie in under 3 minutes.@0 -1

48@All updates to data files or database must be initiated from the Disputes System. @1 1

49@System shall let Izogn Manager access sales and usage statistics in under 2 minutes. @0 -1

50@The product shall be available 99% of the time. Rationale: To avoid service interruption during busiest customer service response periods. The product shall be available 99.99% of the time for regular business days. @1 0

51@The website shall load fast to display the latest news.@-1 -1

52@The application shall accommodate 20 simultaneous users.@1 0

53@The product shall be able to process all transactions.The product shall process minimum of 1 million transactions per year.@1 0

54@The product shall process messages within 2 seconds.The product shall have a maximum message processing time of 2 seconds@0 -1

55@The software shall be expected to manage the training program curriculum and session scheduling for a minimum of 3 years.@1 0

56@The process must fit within the processing time conditions set forth by the Auto Rep Assignment process in which a lead is assigned within 3 minutes of the total life cycle.@0 -1

57@The search for recycled parts shall take no longer than 15 seconds.  The search results shall be returned in under 15 seconds. @0 -1

58@The streaming server will support a maximum of 700 movies; new servers can be added to support more movies.@1 0

59@System shall let administrator add/remove movies on the website in under 5 minutes.  Entered movie information will be stored in the database and will now be available on the website.@0 -1

60@The Disputes application shall interface with the Cardmember Posting and Billing System.  This will allow the Disputes application to request adjustments to cardmember and merchant accounts. All adjustment requests must be sent to the Cardmember Posting and Billing System. @1 1

61@The product must be designed using Design Patterns and coding best practices.  90% of maintenance software developers are able to integrate new functionality into the product with 2 working days. @1 0

62@On a 56k connection  the system response time for all operations must be no more than 6 seconds 90% of the time.@1 0

63@The number of mistakes noted by the students shall be decreased by 50% in the first year. @0 -1

64@The product shall generate a CMA report in an acceptable time. @-1 -1

65@All additions of new users and modifications to user access shall be recorded on the User Report. @1 1

66@100% of cardmember services representatives shall be able to successfully create a dispute case on the first encounter after completing the training course. @1 0

67@No lead evaluation will complete in a time period longer than 25 seconds for 97% of all leads processed.@1 0

68@The product shall provide Error Tracking Services.The product shall help the System Administrators and DBAs to resolve transaction errors 99% of the time. @1 0

69@The remaining 5% will be corrected and approved within one month of product release. @0 -1

70@The product shall synchronize with the office system every hour.  @1 -1

71@The system shall be capable of processing 100% of nursing students and their classes for the next 10 years. @1 0

72@The WCS system must run queries to the WCS databases once again (on a specified day) to update the available data available to CCR users. Queries must be made to external databases for data refresh once a week. @1 -1

73@System shall let administrator de-activate a customer account in under 1 minute. Customer will no longer be able to access the website.@0 -1

74@All business rules specified in the Disputes System shall be in compliance to the guidelines of Regulation E and Regulation Z. @1 1

75@The system shall have high availability every day of the year.The system must be available for use between 12:00AM and 6:00PM all days of the year.@1 0

76@no more than 4% for the remaining responses. @0 -1

77@The Disputes application shall support 350 concurrent users without any degradation of performance in the application. @1 0

78@The system shall be capable of handling the existing 500 users. This number is expected to double within the next year.@1 0

79@The product shall be expected to operate for at least 5 years for each customer installation.@1 0

80@98% of the user workstations shall meet the minimum software requirements prior to implementation: Microsoft Internet Explorer 5.0. Microsoft .NET Framework 1.1. @1 0

81@The product should be able to be used by 90% of novice users on the Internet. @1 0

82@100% of saved user preferences shall be restored when system comes back online. @1 0

83@The product interface should be fast. The response time of the product interface should not exceed 2 seconds 90% of the time. For 10% of the time  the response time should not be more than 10 seconds.@1 0
84@ Customer shall be able to check the status of their prepaid card  by entering in the PIN number  in under 5 seconds.@0 -1

85@The system shall be responsive. At the DePaul TeleServices Center  when a supervisor uses the system to view a callers schedule  the system response time must be no more than 2 seconds.  @0 -1

86@Out of 1000 accesses to the system  the system is available 999 times. @1 0

87@The website shall be available for use 24 hours per day  365 days per year. @1 1

88@The product shall be able to process all transactions.The product shall process minimum of 1 million transactions per year. @1 0

89@The process must fit within the processing time conditions set forth by the Auto Rep Assignment process in which a lead is assigned within 3 minutes of the total life cycle. @0 -1

90@If projected  the data must be understandable. On a 10x10 projection screen  90% of viewers must be able to determine that Events or Activities are occuring in current time from a viewing distance of 100 @1 0

91@The product shall respond fast to keep up-to-date data in the display. @-1 -1

92@System shall let administrators generate unique pre-paid pins in under 2 minutes and generate an Excel file with the generated PINs. @0 -1

93@Aside from server failure  the software product shall achieve 99.99% up time. @1 0

94@Izogn Administrator must be able to update the category listings on the website within 2 minutes.@0 -1

95@Any interface between a user and the automated system shall have a maximum response time of 5 seconds  unless noted by an exception below.@0 -1

96@The product shall poll the system for messages every second.The product shall poll the system for new messages at a maximum of every 1 second. @0 -1

97@The Disputes applications shall interface with the Merchant Information Database.  The Merchant Information Database provides detailed information with regard to the merchant. All merchant detail information shall be obtained from the Merchant Information Database. @1 1

98@The product shall be intuitive and self-explanatory.  :  90% of new users shall be able to start the display of Events or Activities within 90 minutes of using the product. @1 0

99@When purchasing a streaming movie or pre-paid card via credit card  the processing time should have a maximum response time of 15 seconds.@0 -1

100@98% of the user workstations shall meet the minimum hardware requirements prior to implementation. @1 0

101@The software shall generate reports in a acceptable time.@-1 -1

102@The response shall be fast enough to avoid interrupting the user flow of thought.  90% of tasks shall complete within 5 seconds.  98% of tasks shall complete within 8 seconds. @1 0

103@The product shall make the users want to use it. 80% of the users surveyed report they are regularly using the product after the first 2 weeks post-launch. @1 0

104@The server shall synchronize with the backup system every 2 hours.@1 -1

105@The WCS system shall use appropriate nomenclature and terminology as defined by the Corporate Community Grants organization. All interfaces and reports will undergo usability tests by CCR users. @1 1

106@New branches/complexes/districts/regions and revenue/expense accounts added to the BDW  must be reflected in the RFS system. 100% of the entities (mentioned above) available as of October month-end  will be loaded into the RFS system  prior to the budget start process. @1 0

107@System shall let customers cancel their account  process shall take no longer than 2 minutes. @0 -1

108@The search results shall be returned no later 30 seconds  after the user has entered the search criteria @0 -1

109@The system shall be capable of registering 100% of new students and their courses.@1 0

110@Administrator shall be able to activate a pre-paid card via the Administration section in under 5 seconds.@0 -1

111@As long as the user has a stable network connection, the application will be available 95% of the time during the first three months of operation.@1 0

112@The network shall achieve 90% up time.@1 0

113@The system must be available for use between 7:00AM and 11:59PM all days of the year.@1 0

114@The product shall achieve a 98% uptime. The product shall not fail more than 2% of the available online time. @0 -1

115@Izogn Administrator must be able to add new products to the website within 2 minutes. @0 -1

116@The interface shall be appealing to callers and supervisors. In the interface and usability survey  80% of beta testers must report that the interface is appealing. @1 0

117@100% of merchant services representatives shall be able to successfully perform a follow up action on a dispute case on the first encounter after completing the training course. @1 0

118@The product shall be able to handle up to 1500 simultaneous users. The system shall perform with 1500 users as a time. @1 0

119@The product shall be capable of handling up to 1000 concurrent requests.  This number will increase to 2 000 by Release 2.  The concurrency capacity must be able to handle peak scheduling times such as early morning and late afternoon hours. @1 0

120@The product shall be able support 1000 simultaneous users. @1 0

121@On a 56k connection  the system response time for all operations must be no more than 6 seconds. @0 -1

122@The product shall be able to handle 10 000 concurrent users within 2 years of the initial launch. @1 0

123@Customer shall be able to check the status of their prepaid card  by entering in the PIN number  in under 5 seconds. @0 -1

124@An employee will be able to successfully use the product within a few minutes.  After informally navigating the product for less than 15 minutes  users shall be able to successfully setup meetings and reserve conference rooms. @0 -1

125@The search for the preferred repair facility shall take no longer than 8 seconds.  The preferred repair facility is returned within 8 seconds@0 -1

126@The average number of recycled parts records per day shall be 50 000.@1 -1

127@The application shall have a downtime of at most 10 minutes per year.@0 -1

128@The application shall be able to complete every user transaction within one fourth of a second of receiving the request over the network. @0 -1

129@System shall let the administrator add/remove categories on the website in under 5 minutes. @0 -1

130@For each emerging target market  it shall take no more than 5 days to configure the product for that market language. @0 -1

131@Total lead cycle time must be completed for 90% of lead volume between the business hours of 8AM CST to 8PM CST. @1 0

132@Users should be able to access their streaming movies in under 2 clicks after logging into the website. @0 -1

133@The product must be highly configurable for use with various database management systems for the end users.  80% of end users are able to integrate new database management systems with the product without changing the product抯 software code. @1 0

134@Promotional updates to the website should take a day to update. @0 -1

135@Users shall feel satisfied using the product.  85% of all users will be satisfied with the product. @1 0

136@System shall let customers register on the website as a ìunlimited movie subscriberî user in under 10 minutes.@0 -1

137@The RFS system should be available 24/7  especially during the budgeting period. The RFS system shall be available 90% of the time all year  and 98% during the budgeting period. 2% of the time  the system will become available within 1 hour of the time that the situation is reported.@1 0

138@No lead evaluation will complete for 97% of all leads processed. @0 -1

139@90% of untrained realtors shall be able to install the product on their device without printed instructions @1 0

140@The system shall refresh the display every 60 seconds.  @1 -1

141@All business rules specified in the Disputes System shall be in compliance with the Merchant Operating Regulations. @1 1

142@The system must be available for use between 7:00AM and 11:59PM all days of the year. @1 1

143@The users should be able to easily use the system to successfully complete their budgets  within the stipulated time for completion. With a week of training prior to product implementation  98% of the users shall complete their budgets within the stipulated time. @1 0

144@The website shall be able to support 500 simultaneous visitors.@1 0

145@The service shall be available for use 18 hours per day, 300 days per year.@1 1

146@All CCR users shall receive training before the WCS system is deployed. One training session will be held for 100% of CCR users before system deployment (based on a CCR user being available) @1 0

147@the system response time for all operations must be for 90% of the time. @1 0

148@The response time shall be fast enough to maintain the flow of the game. The response time shall be no more than 2 seconds for 95% of responses and no more than 4% for the remaining responses.@1 0

149@The message board shall contain the 5 most recently posted messages on the league page. @1 -1

150@The product shall be capable of handling the existing 1000 users. This number is expected to grow 5 times within the next year. @1 0

151@The website shall be capable of supporting 100 000 customers.@1 0

152@The product shall increase productivity of Collision Estimators. 80% of the Collision Estimators shall agree their productivity has increase within 1 month of using the product. @1 0

153@All movies shall be streamed on demand  at any time of the day. @1 1

154@The system shall be expected to manage the nursing program curriculum and class/clinical scheduling for a minimum of 5 years. @1 0

155@95% of saved user settings shall be restored when the app restarts.@1 0

156@Test files shall be loaded up to 5 times throughout the year from the BDW. @0 -1

157@System shall let customers register on the website as a ìpay as you goî user in under 5 minutes.@0 -1

158@System shall let administrator de-activate a customer account in under 1 minute.  @0 -1

159@When streaming a movie  the buffering time should take no longer than 10 seconds.@0 -1

160@The product shall be able to handle 10 000 concurrent users within 2 years of the initial launch.@1 0

161@System shall let administrators generate unique pre-paid pins in under 2 minutes and generate an Excel file with the generated PINs.@0 -1

162@the response time should not be more than 10 seconds. @0 -1

163@The remaining 5% will be corrected within a week of notification of the incorrect display. @0 -1

164@The product shall achieve a 98% uptime. The product shall not fail more than 2% of the available online time.@0 -1

165@Recreation of Inventory Quantity Adjustment for the period of previous 30 days shall take no more than 30min.@0 -1

166@The Disputes application shall interface with the Cardmember Information Database.  The Cardmember Information Database provides detailed information with regard to a cardmember.  All cardmember detail information must be obtained from the Cardmember Information Database. @1 1

167@Recreation of Inventory Quantity Adjustment for the period of previous 30 days shall take no more than 30min. @0 -1

168@The query results shall be presented no later than 45 seconds after the user has input the query parameters.@0 -1

169@Total lead cycle time must be completed in 3 minutes. @0 -1

170@Rreports must be easy to generate. eports must be generated within one button click and exported within one button click (after selecting the report). @0 -1

