1@The platform shall be able to support multiple concurrent users.@1 1

2@system shall be able to handle all of the user requests/usage during business hours. @1 1

3@Maintenance releases will be offered to customers once a year.  The releases shall take no longer than 5 minutes for 80% of the customer base to install. @0 -1

4@The product shall be available 24 hours per day  seven days per week. @1 0

5@The messages will contain up to the first 150 characters of the message. @0 -1

6@The product shall provide Error Tracking Services.The product shall help the System Administrators and DBAs to resolve transaction errors 99% of the time. @1 0

7@The users should be able to easily use the system to successfully complete their budgets  within the stipulated time for completion. With a week of training prior to product implementation  98% of the users shall complete their budgets within the stipulated time. @1 0

8@The tool shall create a summary report in an acceptable time.@-1 -1

9@the response time should not be more than 10 seconds. @0 -1

10@The server will support a maximum of 1000 simultaneous users. @1 0

11@The system must be available for use between 7:00AM and 11:59PM all days of the year. @1 1

12@The network shall achieve 90% up time.@1 0

13@The product shall respond fast to keep up-to-date data in the display. @-1 -1

14@The recycled parts audit report shall be returned to the user within 10 seconds.  The audit report shall be returned within 10 seconds. @0 -1

15@Any interface between a user and the automated system shall have a maximum response time of 5 seconds  unless noted by an exception below.@0 -1

16@the time exceed 10 seconds should not be more than 10% of the time. @0 -1

17@The website shall achieve 99.5% up time.@1 0

18@An employee will be able to successfully use the product within a few minutes.  After informally navigating the product for less than 15 minutes  users shall be able to successfully setup meetings and reserve conference rooms. @0 -1

19@The RFS system should be available 24/7  especially during the budgeting period. The RFS system shall be available 90% of the time all year  and 98% during the budgeting period. 2% of the time  the system will become available within 1 hour of the time that the situation is reported.@1 0

20@The response time shall be fast enough for 95% of responses. @1 0

21@The product shall be capable of handling up to 1000 concurrent requests.  This number will increase to 2 000 by Release 2.  The concurrency capacity must be able to handle peak scheduling times such as early morning and late afternoon hours. @1 0

22@The product interface should be fast. The response time of the product interface should not exceed 2 seconds. @0 -1

23@On a 112k connection or faster  the system response time for all operations must be no more than 3 seconds 90% of the time.@1 0

24@The product shall increase productivity of Collision Estimators. 80% of the Collision Estimators shall agree their productivity has increase within 1 month of using the product. @1 0

25@On a 56k connection  the system response time for all operations must be no more than 6 seconds 90% of the time.@1 0

26@The response time of general student management tasks shall take no longer than 5 seconds and the response time of schedule generation shall take no longer than 30 seconds. @0 -1

27@System shall let administrator de-activate a customer account in under 1 minute. Customer will no longer be able to access the website.@0 -1

28@Izogn Administrator must be able to update the category listings on the website within 2 minutes.@0 -1

29@The product shall be expected to operate for at least 5 years for each customer installation. @1 0

30@100% of saved user preferences shall be restored when system comes back online. @1 0

31@The system must be available for use between 7:00AM and 11:59PM all days of the year.@1 0

32@System shall let administrator add/remove movies on the website in under 5 minutes.  Entered movie information will be stored in the database and will now be available on the website.@0 -1

33@The application shall be able to complete every user transaction within one fourth of a second of receiving the request over the network. @0 -1

34@Aside from server failure  the software product shall achieve 99.99% up time. @1 0

35@The Disputes application shall be available 24x7x365  with the exception of the following scheduled maintenance windows.  Monday ?Saturday 3:00am to 4:00am EST Sunday 1:00amd to 5:00am EST @1 1

36@The product shall produce search results in an acceptable time @-1 -1

37@The product shall be able to handle up to 1500 simultaneous users. The system shall perform with 1500 users as a time.@1 0

38@The WCS system must run queries to the WCS databases once again (on a specified day) to update the available data available to CCR users. Queries must be made to external databases for data refresh once a week. @1 -1

39@The product shall have audit capabilities.The product shall store messages for a minimum of one year for audit and transaction tracking purposes. @1 0

40@All business rules specified in the Disputes System shall be in compliance with the Merchant Operating Regulations. @1 1

41@The streaming server will support a maximum of 700 movies; new servers can be added to support more movies.@1 0

42@The system shall be capable of handling the existing 500 users. This number is expected to double within the next year.@1 0

43@The search for recycled parts shall take no longer than 15 seconds.  The search results shall be returned in under 15 seconds. @0 -1

44@For leads that process longer than 25 seconds the system will record the event and duration. @0 -1

45@For each emerging target market  it shall take no more than 5 days to configure the product for that market language. @0 -1

46@The website shall be available for use 24 hours per day  365 days per year. @1 1

47@The product shall be available 24 hours per day  seven days per week.@1 1

48@The product shall be easy to use by Adjusters and Collision Estimators.  95% of Adjusters and Collision Estimators shall find the product easy to use. @1 0

49@The product shall be updated on a regular basis.The product will have a new major feature introduced every six months and quarterly maintenance releases every six months. @1 -1

50@Test files shall be loaded up to 5 times throughout the year from the BDW. @0 -1

51@The preferred repair facility ratings shall be saved within 5 seconds. The save shall occur within 5 seconds. @0 -1

52@The product shall able to handle a large number of games simultaneously.@1 1

53@The display of all the pages will be correct in 95% of the resolutions  prior to implementation.  @1 0

54@The software shall be expected to manage the training program curriculum and session scheduling for a minimum of 3 years.@1 0

55@Administrator shall be able to activate a pre-paid card via the Administration section in under 5 seconds. @0 -1

56@Promotional updates to the website should take a day to update. @0 -1

57@The maximum wait time for a user navigating from one screen to another within the Disputes application shall be no more than 5 seconds.@0 -1

58@The website shall be available for use 24 hours per day  365 days per year.@1 1

59@The language of the product shall accommodate all of the target market countries. 90% of survey respondents from each target market country will find that the language of the product is acceptable.@1 0

60@The Disputes application shall interface with the Cardmember Posting and Billing System.  This will allow the Disputes application to request adjustments to cardmember and merchant accounts. All adjustment requests must be sent to the Cardmember Posting and Billing System. @1 1

61@The product and/or adjacent hardware/software systems data shall remain 100% uncorrupted each time malicious data is input into the product. @1 0

62@After one use a user should understand and remember 90% of the system usage and navigation. @1 0

63@The streaming server will support 50 simultaneous streaming connections.@1 0

64@System shall let administrators generate unique pre-paid pins in under 2 minutes and generate an Excel file with the generated PINs. @0 -1

65@100% of the cardmember and merchant services representatives shall use the Disputes application regularly after a 2-day training course. @1 0

66@The product shall make the users want to use it. 80% of the users surveyed report they are regularly using the product after the first 2 weeks post-launch. @1 0

67@The product shall be available 99% of the time. Rationale: To avoid service interruption during busiest customer service response periods. The product shall be available 99.99% of the time for regular business days.@1 0

68@Izogn Administrator must be able to add new products to the website within 2 minutes. @0 -1

69@No lead evaluation will complete for 97% of all leads processed. @0 -1

70@Users shall feel satisfied using the product.  85% of all users will be satisfied with the product. @1 0

71@Customer shall be able to check the status of their prepaid card  by entering in the PIN number  in under 5 seconds. @0 -1

72@Total lead cycle time must be completed for 90% of lead volume between the business hours of 8AM CST to 8PM CST. @1 0

73@The system shall be able to manage all of the data requests/processing during working hours.@1 1

74@Users should only have to navigate through a maximum of 4 pages  to create an account with the website	. @0 -1

75@100% of all search queries for reservations by user shall be from logons of only management logons. @1 0

76@Total lead cycle time must be completed in 3 minutes. @0 -1

77@Team members shall be able to finish a series of tasks promptly.@-1 -1

78@Recreation of Inventory Quantity Adjustment for the period of previous 30 days shall take no more than 30min. @0 -1

79@If projected  the data must be understandable. On a 10x10 projection screen  90% of viewers must be able to determine that Events or Activities are occuring in current time from a viewing distance of 100 @1 0

80@ System shall let customers cancel their account  process shall take no longer than 2 minutes.  Database will mark the account as inactive  and user will not be able to log into the website.@0 -1

81@The product shall be expected to operate within the maximum maintenance budget for a minimum of 2 years. @1 0

82@The query results shall be presented no later than 45 seconds after the user has input the query parameters.@0 -1

83@the system response time for all operations must be for 90% of the time. @1 0

84@The product shall synchronize contacts and appointments in an acceptable time. @-1 -1

85@The product interface should be fast for 90% of the time. @1 0

86@The product shall be expected to operate for at least 5 years for each customer installation.@1 0

87@The remaining 5% will be corrected within a week of notification of the incorrect display. @0 -1

88@The System shall allow for a minimum of  6 users to work at the same time. @1 0

89@90% of survey respondents from each target market country will find that the date and time formatting of the product is correct. @1 0

