1@The website shall be able to support 500 simultaneous visitors.@1 0

2@100% of merchant services representatives shall be able to successfully perform a follow up action on a dispute case on the first encounter after completing the training course. @1 0

3@The search for recycled parts shall take no longer than 15 seconds.  The search results shall be returned in under 15 seconds.@0 -1

4@An employee will be able to successfully use the product within a few minutes.  After informally navigating the product for less than 15 minutes  users shall be able to successfully setup meetings and reserve conference rooms. @0 -1

5@The product shall be available 99% of the time. Rationale: To avoid service interruption during busiest customer service response periods. The product shall be available 99.99% of the time for regular business days. @1 0

6@As long as the user has a stable network connection, the application will be available 95% of the time during the first three months of operation.@1 0

7@After one use a user should understand and remember 90% of the system usage and navigation. @1 0

8@All additions of new users and modifications to user access shall be recorded on the User Report. @1 1

9@On a 56k connection  the system response time for all operations must be no more than 6 seconds. @0 -1

10@Any interface between a user and the automated system shall have a maximum response time of 5 seconds  unless noted by an exception below.@0 -1

11@The software shall generate reports in a acceptable time.@-1 -1

12@The website shall be available for use 24 hours per day  365 days per year.@1 1

13@100% of all logons shall be by either company employees or external users with company-approved user IDs. @1 0

14@The System shall allow for a minimum of  6 users to work at the same time.@1 0

15@The system shall achieve 95% up time. @1 0

16@The Disputes application shall interface with the Cardmember Posting and Billing System.  This will allow the Disputes application to request adjustments to cardmember and merchant accounts. All adjustment requests must be sent to the Cardmember Posting and Billing System. @1 1

17@Izogn Administrator must be able to add new products to the website within 2 minutes.@0 -1

18@The response time shall be fast enough to maintain the flow of the game.  The response time shall be no more than 2 seconds for 95% of responses and no more than 4% for the remaining responses.@1 0

19@The system shall have high availability every day of the year.The system must be available for use between 12:00AM and 6:00PM all days of the year.@1 0

20@The product shall generate a CMA report in an acceptable time. @-1 -1

21@The system shall be capable of registering 100% of new students and their courses.@1 0

22@98% of the user workstations shall meet the minimum software requirements prior to implementation: Microsoft Internet Explorer 5.0. Microsoft .NET Framework 1.1. @1 0

23@Users shall feel satisfied using the product.  85% of all users will be satisfied with the product. @1 0

24@The website shall achieve 99.5% up time. @1 0

25@Total lead cycle time must be completed for 90% of lead volume between the business hours of 8AM CST to 8PM CST. @1 0

26@Recreation of Inventory Quantity Adjustment for the period of previous 30 days shall take no more than 30min. @0 -1

27@The product shall able to handle a large number of games simultaneously.@1 1

28@The system shall be able to manage all of the data requests/processing during working hours.@1 1

29@The product shall be available 99% of the time. Rationale: To avoid service interruption during busiest customer service response periods. The product shall be available 99.99% of the time for regular business days.@1 0

30@The Disputes application shall interface with the Cardmember Information Database.  The Cardmember Information Database provides detailed information with regard to a cardmember.  All cardmember detail information must be obtained from the Cardmember Information Database. @1 1

31@The search results shall be returned no later 30 seconds  after the user has entered the search criteria @0 -1

32@The WCS system shall use appropriate nomenclature and terminology as defined by the Corporate Community Grants organization. All interfaces and reports will undergo usability tests by CCR users. @1 1

33@The product shall be expected to operate within the maximum maintenance budget for a minimum of 2 years. @1 0

34@the system response time for all operations must be for 90% of the time. @1 0

35@No lead evaluation will complete in a time period longer than 25 seconds for 97% of all leads processed.@1 0

36@Customers should be able to purchase and watch a pre-determined movie in under 3 minutes.@0 -1

37@The process must fit within the processing time conditions set forth by the Auto Rep Assignment process in which a lead is assigned within 3 minutes of the total life cycle.@0 -1

38@System shall let Izogn Manager access sales and usage statistics in under 2 minutes.@0 -1

39@The product shall be updated on a regular basis.The product will have a new major feature introduced every six months and quarterly maintenance releases every six months. @1 -1

40@Out of 500 accesses to the database, the database is available 995 times.@1 0

41@95% of saved user settings shall be restored when the app restarts.@1 0

42@The product and/or dependent databases/filesystems shall remain operational as a result of the input of malicious data.  The product and/or dependent databases/filesystems shall not crash 100% of the time that malicious data is input into the product.@1 1

43@The response shall be fast enough to avoid interrupting the userís flow of thought.  90% of tasks shall complete within 5 seconds.  98% of tasks shall complete within 8 seconds.@1 0

44@The product shall process messages within 2 seconds.The product shall have a maximum message processing time of 2 seconds@0 -1

45@The streaming server will support 50 simultaneous streaming connections. @1 0

46@2 out of 3 Program Administrators/Nursing Staff Members shall successfully be able to use the system to manage the scheduling of classes and clinicals. @1 0

47@System shall let existing customers log into the website with their email address and password in under 5 seconds. @0 -1

48@The response time shall be fast enough to maintain the flow of the game.  The response time shall be no more than 2 seconds. @0 -1

49@The product shall be able support 1000 simultaneous users. @1 0

50@System shall let customers register on the website  in under 5 minutes. @0 -1

51@The product shall be capable of handling the existing 1000 users. This number is expected to grow 5 times within the next year. @1 0

52@The interface shall be appealing to callers and supervisors. In the interface and usability survey  80% of beta testers must report that the interface is appealing. @1 0

53@Users shall be able to view at least 25 NFL player statistics and points on each page. @1 0

54@When streaming a movie  the buffering time should take no longer than 10 seconds (plus any latency on the userís connection.)@0 -1

55@Rreports must be easy to generate. eports must be generated within one button click and exported within one button click (after selecting the report). @0 -1

56@Total lead cycle time must be completed for 99% of lead volume during off business hours. @1 0

57@The service shall be available for use between the hours of 9am and 5pm.@1 0

58@no more than 4% for the remaining responses. @0 -1

59@Total lead cycle time must be completed in 5 minutes for 90% of lead volume between the business hours of 8AM CST to 8PM CST; then 3 minutes for 99% of lead volume during off business hours.@1 0

60@All business rules specified in the Disputes System shall be in compliance to the guidelines of Regulation E and Regulation Z. @1 1

61@100% of saved user preferences shall be restored when system comes back online. @1 0

62@The product shall be easy to use. 90% of users will be able to successfully reserve a conference room within 5 minutes of product use. @1 0

63@The number of mistakes noted by the students shall be decreased by 50% in the first year. @0 -1

64@System shall let administrator add/remove movies on the website in under 5 minutes. @0 -1

65@The product interface should be fast. The response time of the product interface should not exceed 2 seconds. @0 -1

66@The network shall achieve 90% up time.@1 0

67@The streaming server will support a maximum of 700 movies; new servers can be added to support more movies.@1 0

68@The product shall be available 24 hours per day  seven days per week.@1 1

69@The product must be highly configurable for use with various database management systems for the end users.  80% of end users are able to integrate new database management systems with the product without changing the product抯 software code. @1 0

70@70% of registered users shall find a solution to their problem using the support site. @1 0

71@The system shall be capable of handling the existing 500 users. This number is expected to double within the next year.@1 0

72@The product shall be able to be installed in the specified environment within 1 working day. @0 -1

73@The remaining 5% will be corrected and approved within one month of product release. @0 -1

74@The WCS system shall be available at all times as long as IBMís internal intranet W3 is accessible. The WCS system will be available 95% of the time IBMís internal intranet W3 is available.@1 0

75@The average number of recycled parts records per day shall be 50 000. @1 -1

76@The product shall provide Error Tracking Services.The product shall help the System Administrators and DBAs to resolve transaction errors 99% of the time. @1 0

77@System shall let the administrator add/remove categories on the website in under 5 minutes. @0 -1

78@The product should be able to be used by 90% of novice users on the Internet. @1 0

79@On a 112k connection or faster  the system response time for all operations must be no more than 3 seconds. @0 -1

80@The System shall allow for a minimum of  6 users to work at the same time. @1 0

81@the system response time must be no more than 5 seconds. @0 -1

82@The product shall achieve a 98% uptime. The product shall not fail more than 2% of the available online time.@0 -1

83@The website shall be available for use 24 hours per day  365 days per year. @1 1

84@The product shall synchronize with the office system every hour.  @1 -1

85@The maximum wait time for a user navigating from one screen to another within the Disputes application shall be no more than 5 seconds.@0 -1

86@The application shall accommodate 20 simultaneous users.@1 0

87@The streaming server will support a maximum of 700 movies; new servers can be added to support more movies. @1 0

88@The response time shall be fast enough to maintain the flow of the game. The response time shall be no more than 2 seconds for 95% of responses and no more than 4% for the remaining responses.@1 0

89@The server will support a maximum of 1 000 simultaneous users.@1 0

