1@The Disputes application shall interface with the Cardmember Posting and Billing System.  This will allow the Disputes application to request adjustments to cardmember and merchant accounts. All adjustment requests must be sent to the Cardmember Posting and Billing System. @1 1

2@The streaming server will support a maximum of 700 movies; new servers can be added to support more movies. @1 0

3@The search for recycled parts shall take no longer than 15 seconds.  The search results shall be returned in under 15 seconds. @0 -1

4@The response shall be fast enough to avoid interrupting the userís flow of thought.  90% of tasks shall complete within 5 seconds.  98% of tasks shall complete within 8 seconds.@1 0

5@100% of all search queries for reservations by user shall be from logons of only management logons. @1 0

6@The system shall be responsive. At the DePaul TeleServices Center  when a supervisor uses the system to view a callers schedule  the system response time must be no more than 2 seconds 90% of the time and no more than 5 seconds the rest of the time.@1 0

7@Recreation of Inventory Quantity Adjustment for the period of previous 30 days shall take no more than 30min. @0 -1

8@The response time shall be fast enough for 95% of responses. @1 0

9@As long as the user has a stable network connection, the application will be available 95% of the time during the first three months of operation.@1 0

10@The maximum wait time for a user navigating from one screen to another within the Disputes application shall be no more than 5 seconds.@0 -1

11@The server will support a maximum of 1 000 simultaneous users.@1 0

12@Aside from server failure  the software product shall achieve 99.99% up time.@1 0

13@The product shall be able support 1000 simultaneous users. @1 0

14@All updates to data files or database must be initiated from the Disputes System. @1 1

15@system shall be able to handle all of the user requests/usage during business hours. @1 1

16@The product shall generate a CMA report in an acceptable time. @-1 -1

17@Any interface between a user and the automated system shall have a maximum response time of 5 seconds  unless noted by an exception below.@0 -1

18@The product shall be able to handle up to 1500 simultaneous users. The system shall perform with 1500 users as a time.@1 0

19@The product shall be able to handle up to 1500 simultaneous users. The system shall perform with 1500 users as a time. @1 0

20@The search for the preferred repair facility shall take no longer than 8 seconds.  The preferred repair facility is returned within 8 seconds @0 -1

21@The WCS system shall be available at all times as long as IBMís internal intranet W3 is accessible. The WCS system will be available 95% of the time IBMís internal intranet W3 is available.@1 0

22@The preferred repair facility ratings shall be saved within 5 seconds. The save shall occur within 5 seconds. @0 -1

23@The product shall be expected to operate for at least 5 years for each customer installation. @1 0

24@System shall let administrator add/remove movies on the website in under 5 minutes.  Entered movie information will be stored in the database and will now be available on the website.@0 -1

25@The product should be able to be used by 90% of novice users on the Internet. @1 0

26@The service shall be available for use 18 hours per day, 300 days per year.@1 1

27@The system must be available for use between 7:00AM and 11:59PM all days of the year.@1 0

28@The system shall cater to 10 simultaneous users from 9am to 5pm. @1 -1

29@The messages will contain up to the first 150 characters of the message. @0 -1

30@Total lead cycle time must be completed for 90% of lead volume between the business hours of 8AM CST to 8PM CST. @1 0

31@A new user shall be able to navigate through the league and team pages within 30 seconds of reaching the start-up page. @0 -1

32@The preferred repair facility ratings shall be saved within 5 seconds. The save shall occur within 5 seconds.@0 -1

33@The product and/or dependent databases/filesystems shall not crash 100% of the time that malicious data is input into the product. @1 0

34@After one use a user should understand and remember 90% of the system usage and navigation. @1 0

35@The Disputes application shall interface with the Cardmember Information Database.  The Cardmember Information Database provides detailed information with regard to a cardmember.  All cardmember detail information must be obtained from the Cardmember Information Database. @1 1

36@System shall let existing customers log into the website with their email address and password in under 5 seconds. @0 -1

37@Minimum Hard Disk Space: 400MB. @1 0

38@The product shall be expected to operate within the maximum maintenance budget for a minimum of 2 years. @1 0

39@Users should only have to navigate through a maximum of 4 pages  to create an account with the website	. @0 -1

40@no more than 4% for the remaining responses. @0 -1

41@The process must fit within the processing time conditions set forth by the Auto Rep Assignment process in which a lead is assigned within 3 minutes of the total life cycle. @0 -1

42@The system must use a point and click interface. 100% of all selection and navigation functionality must be able to be activated/selected by either a mouse or a keyboard. @1 0

43@ System shall let customers cancel their account  process shall take no longer than 2 minutes.  Database will mark the account as inactive  and user will not be able to log into the website.@0 -1

44@The product shall be able to process all transactions.The product shall process minimum of 1 million transactions per year.@1 0

45@2 out of 3 Program Administrators/Nursing Staff Members shall successfully be able to use the system to manage the scheduling of classes and clinicals. @1 0

46@All movies shall be streamed on demand  at any time of the day. @1 1

47@Team members shall be able to finish a series of tasks promptly.@-1 -1

48@On a 56k connection  the system response time for all operations must be no more than 6 seconds. @0 -1

49@The display of all the pages will be correct in 95% of the resolutions  prior to implementation.  @1 0

50@When streaming a movie  the buffering time should take no longer than 10 seconds (plus any latency on the userís connection.)@0 -1

51@The RFS system shall be available 90% of the time all year  and 98% during the budgeting period.  @1 0

52@Users shall feel satisfied using the product.  85% of all users will be satisfied with the product. @1 0

53@The software shall be expected to manage the training program curriculum and session scheduling for a minimum of 3 years.@1 0

54@The product shall provide Error Tracking Services.The product shall help the System Administrators and DBAs to resolve transaction errors 99% of the time. @1 0

55@70% of registered users shall find a solution to their problem using the support site. @1 0

56@data files shall be received from the BDW and loaded into the RFS system within 3 hours one day prior to the start of budgeting process  every year. @0 -1

57@A new user must be able to be added to the system within 10 minutes.  90% of new users are able to log into the system within 10 minutes. @0 -1

58@When streaming a movie  the buffering time should take no longer than 10 seconds.@0 -1

59@The product shall achieve a 98% uptime. The product shall not fail more than 2% of the available online time.@0 -1

60@The product shall be available during normal business hours. As long as the user has access to the client PC  the system will be available 99% of the time during the first six months of operation. @1 0

61@The system shall update the inventory in an acceptable time.@-1 -1

62@The response shall be fast enough to avoid interrupting the user flow of thought.  90% of tasks shall complete within 5 seconds.  98% of tasks shall complete within 8 seconds. @1 0

63@The server shall synchronize with the backup system every 2 hours.@1 -1

64@All CCR users shall receive training before the WCS system is deployed. One training session will be held for 100% of CCR users before system deployment (based on a CCR user being available) @1 0

65@System shall let administrator de-activate a customer account in under 1 minute.  @0 -1

66@The system shall refresh the display every 60 seconds.  @1 -1

67@The network shall achieve 90% up time.@1 0

68@The recycled parts audit report shall be returned to the user within 10 seconds.  The audit report shall be returned within 10 seconds.@0 -1

69@100% of merchant services representatives shall be able to successfully perform a follow up action on a dispute case on the first encounter after completing the training course. @1 0

70@System shall let the administrator add/remove categories on the website in under 5 minutes.@0 -1

71@The System shall allow for a minimum of  6 users to work at the same time.@1 0

72@System shall let customers register on the website as a ìunlimited movie subscriberî user in under 10 minutes.@0 -1

73@Izogn Administrator must be able to add new products to the website within 2 minutes. @0 -1

74@The product shall be capable of handling up to 1 000 concurrent requests.  This number will increase to 2 000 by Release 2.  The concurrency capacity must be able to handle peak scheduling times such as early morning and late afternoon hours.@1 0

75@System shall let Izogn Manager access sales and usage statistics in under 2 minutes. @0 -1

76@the system response time must be no more than 5 seconds. @0 -1

77@When purchasing a streaming movie or pre-paid card via credit card  the processing time should have a maximum response time of 15 seconds.@0 -1

78@The product shall be intuitive and self-explanatory.  :  90% of new users shall be able to start the display of Events or Activities within 90 minutes of using the product. @1 0

79@95% of the product look & feel will be approved by the Architecture group  prior to implementation. @1 0

80@The search for recycled parts shall take no longer than 15 seconds.  The search results shall be returned in under 15 seconds.@0 -1

81@All actions that modify an existing dispute case must be recorded in the case history. @1 1

82@The product shall be available 99% of the time. Rationale: To avoid service interruption during busiest customer service response periods. The product shall be available 99.99% of the time for regular business days.@1 0

83@The application shall have a downtime of at most 10 minutes per year. @0 -1

84@System shall let administrators generate unique pre-paid pins in under 2 minutes and generate an Excel file with the generated PINs. @0 -1

85@The product shall be capable of handling up to 1000 concurrent requests.  This number will increase to 2 000 by Release 2.  The concurrency capacity must be able to handle peak scheduling times such as early morning and late afternoon hours. @1 0

86@The response time shall be fast enough to maintain the flow of the game.  The response time shall be no more than 2 seconds for 95% of responses and no more than 4% for the remaining responses.@1 0

87@The process must fit within the processing time conditions set forth by the Auto Rep Assignment process in which a lead is assigned within 3 minutes of the total life cycle.@0 -1

88@The Disputes application shall support 350 concurrent users without any degradation of performance in the application.@1 0

89@The CMA report shall be returned no later 60 seconds after the user has entered the CMA report criteria. @0 -1

90@Rreports must be easy to generate. eports must be generated within one button click and exported within one button click (after selecting the report). @0 -1

91@90% of untrained realtors shall be able to install the product on their device without printed instructions @1 0

92@System shall let existing customers log into the website with their email address and password in under 5 seconds.@0 -1

93@Izogn Administrator must be able to update the category listings on the website within 2 minutes.@0 -1

94@The product must be highly configurable for use with various database management systems for the end users.  80% of end users are able to integrate new database management systems with the product without changing the product抯 software code. @1 0

95@the response time should not be more than 10 seconds. @0 -1

96@Promotional updates to the website should take a day to update. @0 -1

97@100% of the cardmember and merchant services representatives shall use the Disputes application regularly after a 2-day training course. @1 0

98@Out of 500 accesses to the database, the database is available 995 times.@1 0

99@The response time of common customer service tasks shall take no longer than 8 seconds and the response time of order processing shall take no longer than 60 seconds.@0 -1

100@100% of cardmember services representatives shall be able to successfully create a dispute case on the first encounter after completing the training course. @1 0

101@The platform shall be able to support multiple concurrent users.@1 1

102@The product shall have audit capabilities.The product shall store messages for a minimum of one year for audit and transaction tracking purposes. @1 0

103@The product shall synchronize contacts and appointments in an acceptable time. @-1 -1

104@The language of the product shall accommodate all of the target market countries. 90% of survey respondents from each target market country will find that the language of the product is acceptable.@1 0

105@The product shall process messages within 2 seconds.The product shall have a maximum message processing time of 2 seconds@0 -1

106@The product shall be easy to use. 90% of users will be able to successfully reserve a conference room within 5 minutes of product use. @1 0

107@The interface shall be appealing to callers and supervisors. In the interface and usability survey  80% of beta testers must report that the interface is appealing. @1 0

108@Administrator shall be able to activate a pre-paid card via the Administration section in under 5 seconds. @0 -1

109@On a 112k connection or faster  the system response time for all operations must be no more than 3 seconds 90% of the time.@1 0

110@Recreation of Inventory Quantity Adjustment for the period of previous 30 days shall take no more than 30min.@0 -1

111@The system shall be easy to learn by callers and supervisors. Callers and supervisors shall learn how to use the system within 10 minutes. @0 -1

112@registered users shall find a solution to their problem within 5 minutes of using the support site. @0 -1

113@The product shall be easy to use by Adjusters and Collision Estimators.  95% of Adjusters and Collision Estimators shall find the product easy to use. @1 0

114@98% of the user workstations shall meet the minimum software requirements prior to implementation: Microsoft Internet Explorer 5.0. Microsoft .NET Framework 1.1. @1 0

115@The RFS system should be available 24/7  especially during the budgeting period.  @1 0

116@Test files shall be loaded up to 5 times throughout the year from the BDW. @0 -1

117@The system shall have high availability every day of the year.The system must be available for use between 12:00AM and 6:00PM all days of the year.@1 0

118@System shall let administrator de-activate a customer account in under 1 minute. Customer will no longer be able to access the website.@0 -1

119@The product shall be available 24 hours per day  seven days per week.@1 1

120@The website shall achieve 99.5% up time. @1 0

121@The detailed report shall be returned no later than 90 seconds after the user has entered the report criteria.@0 -1

122@The message board shall contain the 5 most recently posted messages on the league page. @1 -1

123@The product shall achieve a 98% uptime. The product shall not fail more than 2% of the available online time. @0 -1

124@The average number of recycled parts records per day shall be 50 000.@1 -1

125@All business rules specified in the Disputes System shall be in compliance to the guidelines of Regulation E and Regulation Z. @1 1

126@100% of customers will be able to receive automatic software updates transmitted to the installed product. @1 0

127@The product shall be able to handle 10 000 concurrent users within 2 years of the initial launch.@1 0

128@The product shall able to handle a large number of games simultaneously.@1 1

129@Customers should be able to purchase and watch a pre-determined movie in under 3 minutes.@0 -1

130@No lead evaluation will complete in a time period longer than 25 seconds. @0 -1

131@The users should be able to easily use the system to successfully complete their budgets  within the stipulated time for completion. With a week of training prior to product implementation  98% of the users shall complete their budgets within the stipulated time. @1 0

132@The website shall be available for use 24 hours per day  365 days per year. @1 1

133@No lead evaluation will complete in a time period longer than 25 seconds for 97% of all leads processed.@1 0

134@The number of mistakes noted by the students shall be decreased by 50% in the first year. @0 -1

135@If projected  the data must be readable.  On a 10x10 projection screen  90% of viewers must be able to read Event / Activity data from a viewing distance of 30 @1 0

136@90% of survey respondents from each target market country will find that the language of the product is acceptable. @1 0

137@The product shall make the users want to use it. 80% of the users surveyed report they are regularly using the product after the first 2 weeks post-launch. @1 0

138@The RFS system should be available 24/7  especially during the budgeting period. The RFS system shall be available 90% of the time all year  and 98% during the budgeting period. 2% of the time  the system will become available within 1 hour of the time that the situation is reported.@1 0

139@The product shall give users feedback when necessary. 80% of the users surveyed report that the product accurately confirms their actions. @1 0

140@The product shall be able to handle 10 000 concurrent users within 2 years of the initial launch. @1 0

141@An employee will be able to successfully use the product within a few minutes.  After informally navigating the product for less than 15 minutes  users shall be able to successfully setup meetings and reserve conference rooms. @0 -1

142@The average number of recycled parts records per day shall be 50 000. @1 -1

143@The product shall be expected to operate for at least 5 years for each customer installation.@1 0

144@The software shall generate reports in a acceptable time.@-1 -1

145@The product shall able to handle a large number of games simultaneously. @1 1

146@The product and/or dependent databases/filesystems shall remain operational as a result of the input of malicious data.  The product and/or dependent databases/filesystems shall not crash 100% of the time that malicious data is input into the product.@1 1

147@The streaming server will support 50 simultaneous streaming connections. @1 0

148@100% of saved user preferences shall be restored when system comes back online. @1 0

149@System shall let customers register on the website  in under 5 minutes. @0 -1

150@The system shall be able to manage all of the data requests/processing during working hours.@1 1

151@The Disputes application shall interface with the Letters application.  This will allow the Disputes application to request letters as part of the dispute initiation and dispute follow up process. All letter requests must be sent to the Print Letter Utility application. @1 1

152@System shall let customers cancel their account  process shall take no longer than 2 minutes. @0 -1

153@The tool shall create a summary report in an acceptable time.@-1 -1

154@The website shall be available for use 24 hours per day  365 days per year.@1 1

155@The product shall adhere to the corporate online availability schedule.  The application is brought down only within 98% of the scheduled outages per the availability schedule.@0 -1

156@The product shall be able to be installed in any operating environment within 2 days. @0 -1

157@The product and/or adjacent hardware/software systems data shall remain 100% uncorrupted each time malicious data is input into the product. @1 0

158@System shall let Izogn Manager access sales and usage statistics in under 2 minutes.@0 -1

159@The product shall be updated on a regular basis.The product will have a new major feature introduced every six months and quarterly maintenance releases every six months. @1 -1

160@the time exceed 10 seconds should not be more than 10% of the time. @0 -1

161@The application shall be able to complete every user transaction within one fourth of a second of receiving the request over the network. @0 -1

162@The product shall produce search results in an acceptable time @-1 -1

163@The recycled parts audit report shall be returned to the user within 10 seconds.  The audit report shall be returned within 10 seconds. @0 -1

164@System shall let customers register on the website in under 10 minutes. @0 -1

165@An anonymous survey will show that 95% of customers are comfortable using and purchasing pre-paid cards after a month of using the system. @1 0

166@The mobile app shall function in airplane mode whenever wireless connection is unavailable.@1 1

167@The device shall update the status information every 120 seconds.@1 -1

168@The system shall be responsive for 90% of the time. @1 0

169@The Disputes application shall be available 24x7x365  with the exception of the following scheduled maintenance windows.  Monday ?Saturday 3:00am to 4:00am EST Sunday 1:00amd to 5:00am EST @1 1

170@the system response time for all operations must be for 90% of the time. @1 0

