1@The recycled parts audit report shall be returned to the user within 10 seconds.  The audit report shall be returned within 10 seconds.@0 -1

2@100% of all search queries for reservations by user shall be from logons of only management logons. @1 0

3@Total lead cycle time must be completed in 3 minutes. @0 -1

4@Out of 1000 accesses to the system  the system is available 999 times. @1 0

5@Administrator shall be able to activate a pre-paid card via the Administration section in under 5 seconds.@0 -1

6@98% of the user workstations shall meet the minimum software requirements prior to implementation: Microsoft Internet Explorer 5.0. Microsoft .NET Framework 1.1. @1 0

7@An anonymous survey will show that 70% of customers are comfortable purchasing streaming movies after 2 weeks using the website. @1 0

8@The product shall be easy to use. 90% of users will be able to successfully reserve a conference room within 5 minutes of product use. @1 0

9@The product interface should be fast. The response time of the product interface should not exceed 2 seconds 90% of the time. For 10% of the time  the response time should not be more than 10 seconds.@1 0
10@90% of survey respondents from each target market country will find that the language of the product is acceptable. @1 0

11@95% of the product look & feel will be approved by the Architecture group  prior to implementation. @1 0

12@The streaming server will support a maximum of 700 movies; new servers can be added to support more movies. @1 0

13@Izogn Administrator must be able to update the category listings on the website within 2 minutes. @0 -1

14@Total lead cycle time must be completed for 90% of lead volume between the business hours of 8AM CST to 8PM CST. @1 0

15@100% of all logons shall be by either company employees or external users with company-approved user IDs. @1 0

16@When streaming a movie  the buffering time should take no longer than 10 seconds (plus any latency on the userís connection.)@0 -1

17@The system shall be easy to learn by callers and supervisors. Callers and supervisors shall learn how to use the system within 10 minutes. @0 -1

18@The message board shall contain the 5 most recently posted messages on the league page. @1 -1

19@The product shall increase productivity of Collision Estimators. 80% of the Collision Estimators shall agree their productivity has increase within 1 month of using the product. @1 0

20@The server will support a maximum of 1000 simultaneous users. @1 0

21@System shall let the administrator add/remove categories on the website in under 5 minutes. @0 -1

22@The RFS system shall be available 90% of the time all year  and 98% during the budgeting period.  @1 0

23@System shall let customers register on the website in under 10 minutes. @0 -1

24@The product shall generate a CMA report in an acceptable time. @-1 -1

25@The website shall achieve 99.5% up time.@1 0

26@The preferred repair facility ratings shall be saved within 5 seconds. The save shall occur within 5 seconds. @0 -1

27@All updates to data files or database must be initiated from the Disputes System. @1 1

28@The product shall process messages within 2 seconds.The product shall have a maximum message processing time of 2 seconds. @0 -1

29@100% of saved user preferences shall be restored when system comes back online. @1 0

30@The product shall be able to handle 10 000 concurrent users within 2 years of the initial launch.@1 0

31@The Disputes application shall interface with the Cardmember Information Database.  The Cardmember Information Database provides detailed information with regard to a cardmember.  All cardmember detail information must be obtained from the Cardmember Information Database. @1 1

32@The language of the product shall accommodate all of the target market countries. 90% of survey respondents from each target market country will find that the language of the product is acceptable.@1 0

33@The product and/or dependent databases/filesystems shall remain operational as a result of the input of malicious data.  The product and/or dependent databases/filesystems shall not crash 100% of the time that malicious data is input into the product.@1 1

34@The RFS system should be available 24/7  especially during the budgeting period.  @1 0

35@The product shall respond fast to keep up-to-date data in the display. @-1 -1

36@Izogn Administrator must be able to add new products to the website within 2 minutes.@0 -1

37@All movies shall be streamed on demand  at any time of the day. @1 1

38@The product shall synchronize with the office system every hour.  @1 -1

39@The messages will contain up to the first 150 characters of the message. @0 -1

40@New branches/complexes/districts/regions and revenue/expense accounts added to the BDW  must be reflected in the RFS system. 100% of the entities (mentioned above) available as of October month-end  will be loaded into the RFS system  prior to the budget start process. @1 0

41@System shall let Izogn Manager access sales and usage statistics in under 2 minutes.@0 -1

42@ Customer shall be able to check the status of their prepaid card  by entering in the PIN number  in under 5 seconds.@0 -1

43@The system shall refresh the display every 60 seconds.  @1 -1

44@The response time shall be fast enough to maintain the flow of the game. The response time shall be no more than 2 seconds for 95% of responses and no more than 4% for the remaining responses.@1 0

45@All actions that modify an existing dispute case must be recorded in the case history. @1 1

46@The system shall be able to manage all of the data requests/processing during working hours.@1 1

47@Total lead cycle time must be completed in 5 minutes for 90% of lead volume between the business hours of 8AM CST to 8PM CST; then 3 minutes for 99% of lead volume during off business hours.@1 0

48@The search for recycled parts shall take no longer than 15 seconds.  The search results shall be returned in under 15 seconds.@0 -1

49@Users shall feel satisfied using the product.  85% of all users will be satisfied with the product. @1 0

50@The service shall be available for use 18 hours per day, 300 days per year.@1 1

51@The WCS system shall be available at all times as long as IBM internal intranet W3 is accessible. The WCS system will be available 95% of the time IBM抯 internal intranet W3 is available. @1 0

52@The product shall process messages within 2 seconds.The product shall have a maximum message processing time of 2 seconds@0 -1

53@The System shall allow for a minimum of  6 users to work at the same time. @1 0

54@system shall be able to handle all of the user requests/usage during business hours. @1 1

55@The website shall be available for use 24 hours per day  365 days per year. @1 1

56@Any interface between a user and the automated system shall have a maximum response time of 5 seconds  unless noted by an exception below.@0 -1

57@The product shall be able support 1000 simultaneous users. @1 0

58@The product shall able to handle a large number of games simultaneously. @1 1

59@The product and/or dependent databases/filesystems shall not crash 100% of the time that malicious data is input into the product. @1 0

60@All business rules specified in the Disputes System shall be in compliance with the Merchant Operating Regulations. @1 1

61@The response time shall be fast enough to maintain the flow of the game.  The response time shall be no more than 2 seconds for 95% of responses and no more than 4% for the remaining responses.@1 0

62@A new user shall be able to navigate through the league and team pages within 30 seconds of reaching the start-up page. @0 -1

63@The average number of recycled parts records per day shall be 50 000.@1 -1

64@Recreation of Inventory Quantity Adjustment for the period of previous 30 days shall take no more than 30min.@0 -1

65@The system shall be responsive. At the DePaul TeleServices Center  when a supervisor uses the system to view a callers schedule  the system response time must be no more than 2 seconds 90% of the time and no more than 5 seconds the rest of the time.@1 0

66@All movies shall be streamed on demand  at any time of the day.@1 1

67@System shall let administrator de-activate a customer account in under 1 minute.  @0 -1

68@The product shall be able to handle up to 1500 simultaneous users. The system shall perform with 1500 users as a time. @1 0

69@The product shall give users feedback when necessary. 80% of the users surveyed report that the product accurately confirms their actions. @1 0

70@System shall let customers register on the website as a ìunlimited movie subscriberî user in under 10 minutes.@0 -1

71@The system shall cater to 10 simultaneous users from 9am to 5pm. @1 -1

72@The system shall have high availability every day of the year.The system must be available for use between 12:00AM and 6:00PM all days of the year. @1 1

73@The product shall be able to handle up to 1500 simultaneous users. The system shall perform with 1500 users as a time.@1 0

74@The process must fit within the processing time conditions set forth by the Auto Rep Assignment process in which a lead is assigned within 3 minutes of the total life cycle. @0 -1

75@The response shall be fast enough to avoid interrupting the user flow of thought.  90% of tasks shall complete within 5 seconds.  98% of tasks shall complete within 8 seconds. @1 0

76@The product shall be intuitive and self-explanatory.  :  90% of new users shall be able to start the display of Events or Activities within 90 minutes of using the product. @1 0

77@The application shall accommodate 20 simultaneous users.@1 0

78@All additions of new users and modifications to user access shall be recorded on the User Report. @1 1

79@The website shall be capable of supporting 100 000 customers. @1 0

80@The CMA report shall be returned no later 60 seconds after the user has entered the CMA report criteria. @0 -1

81@The system will provide a 24 hour 800 toll free number for support to its customers.@1 0

82@The website shall be available for use 24 hours per day  365 days per year.@1 1

83@Any interface between a user and the automated system shall have a maximum response time of 5 seconds  unless noted by an exception below.@0 -1

84@The product shall provide Error Tracking Services.The product shall help the System Administrators and DBAs to resolve transaction errors 99% of the time. @1 0

85@System shall let customers register on the website  in under 5 minutes. @0 -1

86@The streaming server will support a maximum of 700 movies; new servers can be added to support more movies.@1 0

87@The server will support a maximum of 1 000 simultaneous users.@1 0

88@For leads that process longer than 25 seconds the system will record the event and duration. @0 -1

89@The maximum wait time for a user navigating from one screen to another within the Disputes application shall be no more than 5 seconds.@0 -1

90@The software shall be expected to manage the training program curriculum and session scheduling for a minimum of 3 years.@1 0

91@The response time of common customer service tasks shall take no longer than 8 seconds and the response time of order processing shall take no longer than 60 seconds.@0 -1

92@The product interface should be fast for 90% of the time. @1 0

93@100% of merchant services representatives shall be able to successfully perform a follow up action on a dispute case on the first encounter after completing the training course. @1 0

94@The streaming server will support 50 simultaneous streaming connections.@1 0

95@The product shall be able to handle 10 000 concurrent users within 2 years of the initial launch. @1 0

96@When streaming a movie  the buffering time should take no longer than 10 seconds.@0 -1

97@The product shall poll the system for messages every second.The product shall poll the system for new messages at a maximum of every 1 second. @0 -1

98@Total lead cycle time must be completed for 99% of lead volume during off business hours. @1 0

99@System shall let administrator de-activate a customer account in under 1 minute. Customer will no longer be able to access the website.@0 -1

100@The Disputes applications shall interface with the Merchant Information Database.  The Merchant Information Database provides detailed information with regard to the merchant. All merchant detail information shall be obtained from the Merchant Information Database. @1 1

101@Users should only have to navigate through a maximum of 4 pages  to create an account with the website	. @0 -1

102@If projected  the data must be readable.  On a 10x10 projection screen  90% of viewers must be able to read Event / Activity data from a viewing distance of 30 @1 0

103@The product shall be available 24 hours per day  seven days per week. @1 0

104@No lead evaluation will complete in a time period longer than 25 seconds for 97% of all leads processed.@1 0

105@System shall let administrator add/remove movies on the website in under 5 minutes.  Entered movie information will be stored in the database and will now be available on the website.@0 -1

106@The product shall be capable of handling the existing 1000 users. This number is expected to grow 5 times within the next year. @1 0

107@When purchasing a streaming movie or pre-paid card via credit card  the processing time should have a maximum response time of 15 seconds.@0 -1

108@The product should be able to be used by 90% of novice users on the Internet. @1 0

109@The maximum wait time for a user navigating from one screen to another within the Disputes application shall be no more than 5 seconds. @0 -1

110@All CCR users shall receive training before the WCS system is deployed. One training session will be held for 100% of CCR users before system deployment (based on a CCR user being available) @1 0

111@The response shall be fast enough to avoid interrupting the userís flow of thought.  90% of tasks shall complete within 5 seconds.  98% of tasks shall complete within 8 seconds.@1 0

112@The response time of general student management tasks shall take no longer than 5 seconds and the response time of schedule generation shall take no longer than 30 seconds. @0 -1

113@The search for the preferred repair facility shall take no longer than 8 seconds.  The preferred repair facility is returned within 8 seconds@0 -1

114@The product must be designed using Design Patterns and coding best practices.  90% of maintenance software developers are able to integrate new functionality into the product with 2 working days. @1 0

115@The process must fit within the processing time conditions set forth by the Auto Rep Assignment process in which a lead is assigned within 3 minutes of the total life cycle.@0 -1

116@No lead evaluation will complete in a time period longer than 25 seconds. @0 -1

117@The Disputes application shall interface with the Letters application.  This will allow the Disputes application to request letters as part of the dispute initiation and dispute follow up process. All letter requests must be sent to the Print Letter Utility application. @1 1

118@System shall let customers register on the website as a ìpay as you goî user in under 5 minutes.@0 -1

119@Rreports must be easy to generate. eports must be generated within one button click and exported within one button click (after selecting the report). @0 -1

120@The product shall be updated on a regular basis.The product will have a new major feature introduced every six months and quarterly maintenance releases every six months. @1 -1

121@System shall let administrators generate unique pre-paid pins in under 2 minutes and generate an Excel file with the generated PINs.@0 -1

122@As long as the user has a stable network connection, the application will be available 95% of the time during the first three months of operation.@1 0

123@the response time should not be more than 10 seconds. @0 -1

124@System shall let existing customers log into the website with their email address and password in under 5 seconds. @0 -1

125@The product shall be able to be installed in the specified environment within 1 working day. @0 -1

126@100% of cardmember services representatives shall be able to successfully create a dispute case on the first encounter after completing the training course. @1 0

127@After one use a user should understand and remember 90% of the system usage and navigation. @1 0

128@The product shall be easy to use by Adjusters and Collision Estimators.  95% of Adjusters and Collision Estimators shall find the product easy to use. @1 0

129@The average number of recycled parts records per day shall be 50 000. @1 -1

130@The System shall allow for a minimum of  6 users to work at the same time.@1 0

131@The website shall achieve 99.5% up time. @1 0

132@The product shall be available 24 hours per day  seven days per week.@1 1

133@The number of mistakes noted by the students shall be decreased by 50% in the first year. @0 -1

134@95% of saved user settings shall be restored when the app restarts.@1 0

135@The system must use a point and click interface. 100% of all selection and navigation functionality must be able to be activated/selected by either a mouse or a keyboard. @1 0

136@Total lead cycle time must be completed in 5 minutes. @0 -1

137@98% of the user workstations shall meet the minimum hardware requirements prior to implementation. @1 0

138@Users should be able to access their streaming movies in under 2 clicks after logging into the website. @0 -1

139@90% of survey respondents from each target market country will find that the date and time formatting of the product is correct. @1 0

140@The system shall achieve 95% up time. @1 0

141@The Disputes application shall support 350 concurrent users without any degradation of performance in the application. @1 0

142@The users should be able to easily use the system to successfully complete their budgets  within the stipulated time for completion. With a week of training prior to product implementation  98% of the users shall complete their budgets within the stipulated time. @1 0

143@The interface shall be appealing to callers and supervisors. In the interface and usability survey  80% of beta testers must report that the interface is appealing. @1 0

144@The application shall be able to complete every user transaction within one fourth of a second of receiving the request over the network. @0 -1

145@70% of registered users shall find a solution to their problem using the support site. @1 0

146@The streaming server will support 50 simultaneous streaming connections. @1 0

147@System shall let administrators generate unique pre-paid pins in under 2 minutes and generate an Excel file with the generated PINs. @0 -1

148@The Disputes application shall be available 24x7x365  with the exception of the following scheduled maintenance windows.  Monday ?Saturday 3:00am to 4:00am EST Sunday 1:00amd to 5:00am EST @1 1

149@The application shall be able to complete every user transaction within one fourth of a second of receiving the request over the network.@0 -1

150@The remaining 5% will be corrected within a week of notification of the incorrect display. @0 -1

151@the time exceed 10 seconds should not be more than 10% of the time. @0 -1

152@The platform shall be able to support multiple concurrent users.@1 1

153@The website shall be capable of supporting 100 000 customers.@1 0

154@System shall let existing customers log into the website with their email address and password in under 5 seconds.@0 -1

155@Administrator shall be able to activate a pre-paid card via the Administration section in under 5 seconds. @0 -1

156@The system shall be capable of handling the existing 500 users. This number is expected to double within the next year.@1 0

157@The RFS system should be available 24/7  especially during the budgeting period. The RFS system shall be available 90% of the time all year  and 98% during the budgeting period. 2% of the time  the system will become available within 1 hour of the time that the situation is reported.@1 0

158@no more than 4% for the remaining responses. @0 -1

159@The product shall be able to process all transactions.The product shall process minimum of 1 million transactions per year. @1 0

160@System shall let administrator add/remove movies on the website in under 5 minutes. @0 -1

161@The product shall be capable of handling up to 1 000 concurrent requests.  This number will increase to 2 000 by Release 2.  The concurrency capacity must be able to handle peak scheduling times such as early morning and late afternoon hours.@1 0

162@90% of untrained realtors shall be able to install the product on their device without printed instructions @1 0

163@The system shall be expected to manage the nursing program curriculum and class/clinical scheduling for a minimum of 5 years. @1 0

164@ System shall let customers cancel their account  process shall take no longer than 2 minutes.  Database will mark the account as inactive  and user will not be able to log into the website.@0 -1

165@The server shall synchronize with the backup system every 2 hours.@1 -1

166@The system must be available for use between 7:00AM and 11:59PM all days of the year.@1 0

167@The tool shall create a summary report in an acceptable time.@-1 -1

168@The product shall be available during normal business hours. As long as the user has access to the client PC  the system will be available 99% of the time during the first six months of operation. @1 0

169@The product shall be available 99% of the time. Rationale: To avoid service interruption during busiest customer service response periods. The product shall be available 99.99% of the time for regular business days.@1 0

170@On a 112k connection or faster  the system response time for all operations must be no more than 3 seconds 90% of the time.@1 0

