1@The product shall poll the system for messages every second.The product shall poll the system for new messages at a maximum of every 1 second. @0 -1

2@All actions that modify an existing dispute case must be recorded in the case history. @1 1

3@Any interface between a user and the automated system shall have a maximum response time of 5 seconds  unless noted by an exception below.@0 -1

4@The average number of recycled parts records per day shall be 50 000. @1 -1

5@The product shall achieve a 98% uptime. The product shall not fail more than 2% of the available online time.@0 -1

6@System shall let customers register on the website as a ìunlimited movie subscriberî user in under 10 minutes.@0 -1

7@Maintenance releases will be offered to customers once a year.  The releases shall take no longer than 5 minutes for 80% of the customer base to install. @0 -1

8@The website shall load fast to display the latest news.@-1 -1

9@Recreation of Inventory Quantity Adjustment for the period of previous 30 days shall take no more than 30min. @0 -1

10@The server will support a maximum of 1000 simultaneous users. @1 0

11@The product shall be expected to operate for at least 5 years for each customer installation. @1 0

12@The streaming server will support 50 simultaneous streaming connections.@1 0

13@The product interface should be fast. The response time of the product interface should not exceed 2 seconds. @0 -1

14@If projected  the data must be readable.  On a 10x10 projection screen  90% of viewers must be able to read Event / Activity data from a viewing distance of 30 @1 0

15@The messages will contain up to the first 150 characters of the message. @0 -1

16@New branches/complexes/districts/regions and revenue/expense accounts added to the BDW  must be reflected in the RFS system. 100% of the entities (mentioned above) available as of October month-end  will be loaded into the RFS system  prior to the budget start process. @1 0

17@The Disputes application shall be available 24x7x365  with the exception of the following scheduled maintenance windows.  Monday ?Saturday 3:00am to 4:00am EST Sunday 1:00amd to 5:00am EST @1 1

18@The system shall refresh the display every 60 seconds.  @1 -1

19@the system response time for all operations must be for 90% of the time. @1 0

20@The search results shall be returned no later 30 seconds  after the user has entered the search criteria @0 -1

21@The system shall have high availability every day of the year.The system must be available for use between 12:00AM and 6:00PM all days of the year. @1 1

22@All movies shall be streamed on demand  at any time of the day. @1 1

23@All CCR users shall receive training before the WCS system is deployed. One training session will be held for 100% of CCR users before system deployment (based on a CCR user being available) @1 0

24@On a 112k connection or faster  the system response time for all operations must be no more than 3 seconds 90% of the time.@1 0

25@The product shall be easy to use by Adjusters and Collision Estimators.  95% of Adjusters and Collision Estimators shall find the product easy to use. @1 0

26@The system must be available for use between 7:00AM and 11:59PM all days of the year.@1 0

27@An anonymous survey will show that 95% of customers are comfortable using and purchasing pre-paid cards after a month of using the system. @1 0

28@Total lead cycle time must be completed in 5 minutes. @0 -1

29@Total lead cycle time must be completed in 5 minutes for 90% of lead volume between the business hours of 8AM CST to 8PM CST; then 3 minutes for 99% of lead volume during off business hours.@1 0

30@The product must be designed using Design Patterns and coding best practices.  90% of maintenance software developers are able to integrate new functionality into the product with 2 working days. @1 0

31@The product shall be able to handle 10 000 concurrent users within 2 years of the initial launch.@1 0

32@the time exceed 10 seconds should not be more than 10% of the time. @0 -1

33@No lead evaluation will complete in a time period longer than 25 seconds. @0 -1

34@Izogn Administrator must be able to add new products to the website within 2 minutes.@0 -1

35@The product shall be easy to use. 90% of users will be able to successfully reserve a conference room within 5 minutes of product use. @1 0

36@System shall let Izogn Manager access sales and usage statistics in under 2 minutes. @0 -1

37@Users shall feel satisfied using the product.  85% of all users will be satisfied with the product. @1 0

38@When purchasing a streaming movie or pre-paid card via credit card  the processing time should have a maximum response time of 15 seconds.@0 -1

39@A new user shall be able to navigate through the league and team pages within 30 seconds of reaching the start-up page. @0 -1

40@The system shall be expected to manage the nursing program curriculum and class/clinical scheduling for a minimum of 5 years. @1 0

41@The response time shall be fast enough to maintain the flow of the game.  The response time shall be no more than 2 seconds for 95% of responses and no more than 4% for the remaining responses.@1 0

42@The product shall adhere to the corporate online availability schedule.  The application is brought down only within 98% of the scheduled outages per the availability schedule.@0 -1

43@The product shall be available 24 hours per day  seven days per week. @1 0

44@The application shall be able to complete every user transaction within one fourth of a second of receiving the request over the network. @0 -1

45@The product shall make the users want to use it. 80% of the users surveyed report they are regularly using the product after the first 2 weeks post-launch. @1 0

46@100% of all search queries for reservations by user shall be from logons of only management logons. @1 0

47@Promotional updates to the website should take a day to update. @0 -1

48@The tool shall create a summary report in an acceptable time.@-1 -1

49@The device shall update the status information every 120 seconds.@1 -1

50@The application shall have a downtime of at most 10 minutes per year.@0 -1

51@The website shall be available for use 24 hours per day  365 days per year.@1 1

52@The product shall be able support 1000 simultaneous users. @1 0

53@The network shall achieve 90% up time.@1 0

54@The product shall be able to handle up to 1500 simultaneous users. The system shall perform with 1500 users as a time.@1 0

55@The product interface should be fast. The response time of the product interface should not exceed 2 seconds 90% of the time. For 10% of the time  the response time should not be more than 10 seconds.@1 0
56@System shall let customers register on the website as a ìpay as you goî user in under 5 minutes.@0 -1

57@The interface shall be appealing to callers and supervisors. In the interface and usability survey  80% of beta testers must report that the interface is appealing. @1 0

58@The product shall be able to be installed in any operating environment within 2 days. @0 -1

59@90% of survey respondents from each target market country will find that the date and time formatting of the product is correct. @1 0

60@An employee will be able to successfully use the product within a few minutes.  After informally navigating the product for less than 15 minutes  users shall be able to successfully setup meetings and reserve conference rooms. @0 -1

61@System shall let the administrator add/remove categories on the website in under 5 minutes.@0 -1

62@Customers should be able to purchase and watch a pre-determined movie in under 3 minutes.@0 -1

63@The product shall achieve a 98% uptime. The product shall not fail more than 2% of the available online time. @0 -1

64@The product shall process messages within 2 seconds.The product shall have a maximum message processing time of 2 seconds@0 -1

65@The search for recycled parts shall take no longer than 15 seconds.  The search results shall be returned in under 15 seconds.@0 -1

66@The product shall be expected to operate for at least 5 years for each customer installation.@1 0

67@System shall let customers register on the website in under 10 minutes. @0 -1

68@The product shall be expected to operate within the maximum maintenance budget for a minimum of 2 years. @1 0

69@The CMA report shall be returned no later 60 seconds after the user has entered the CMA report criteria. @0 -1

70@The system shall update the inventory in an acceptable time.@-1 -1

71@The system shall be easy to learn by callers and supervisors. Callers and supervisors shall learn how to use the system within 10 minutes. @0 -1

72@All additions of new users and modifications to user access shall be recorded on the User Report. @1 1

73@The WCS system shall be available at all times as long as IBM internal intranet W3 is accessible. The WCS system will be available 95% of the time IBM抯 internal intranet W3 is available. @1 0

74@The maximum wait time for a user navigating from one screen to another within the Disputes application shall be no more than 5 seconds. @0 -1

75@The platform shall be able to support multiple concurrent users.@1 1

76@The product shall increase productivity of Collision Estimators. 80% of the Collision Estimators shall agree their productivity has increase within 1 month of using the product. @1 0

77@The Disputes application shall support 350 concurrent users without any degradation of performance in the application. @1 0

78@Team members shall be able to finish a series of tasks promptly.@-1 -1

79@The product shall be capable of handling the existing 1000 users. This number is expected to grow 5 times within the next year. @1 0

80@Total lead cycle time must be completed for 99% of lead volume during off business hours. @1 0

81@When purchasing a streaming movie or pre-paid card via credit card  the processing time should have a maximum response time of 15 seconds.@0 -1

82@The Disputes application shall interface with the Cardmember Posting and Billing System.  This will allow the Disputes application to request adjustments to cardmember and merchant accounts. All adjustment requests must be sent to the Cardmember Posting and Billing System. @1 1

83@100% of saved user preferences shall be restored when system comes back online. @1 0

84@100% of customers will be able to receive automatic software updates transmitted to the installed product. @1 0

85@Any interface between a user and the automated system shall have a maximum response time of 5 seconds  unless noted by an exception below.@0 -1

86@The product shall provide Error Tracking Services.The product shall help the System Administrators and DBAs to resolve transaction errors 99% of the time. @1 0

87@The product shall respond fast to keep up-to-date data in the display. @-1 -1

88@System shall let administrator de-activate a customer account in under 1 minute. Customer will no longer be able to access the website.@0 -1

89@The product shall be able to handle up to 1500 simultaneous users. The system shall perform with 1500 users as a time. @1 0

