1@Aside from server failure  the software product shall achieve 99.99% up time.@1 0

2@The product shall synchronize contacts and appointments in an acceptable time. @-1 -1

3@The system shall be responsive. At the DePaul TeleServices Center  when a supervisor uses the system to view a callers schedule  the system response time must be no more than 2 seconds 90% of the time and no more than 5 seconds the rest of the time.@1 0

4@The product shall process messages within 2 seconds.The product shall have a maximum message processing time of 2 seconds. @0 -1

5@The RFS system shall be available 90% of the time all year  and 98% during the budgeting period.  @1 0

6@The process must fit within the processing time conditions set forth by the Auto Rep Assignment process in which a lead is assigned within 3 minutes of the total life cycle. @0 -1

7@Out of 1000 accesses to the system  the system is available 999 times. @1 0

8@The streaming server will support a maximum of 700 movies; new servers can be added to support more movies.@1 0

9@Out of 500 accesses to the database, the database is available 995 times.@1 0

10@Rreports must be easy to generate. eports must be generated within one button click and exported within one button click (after selecting the report). @0 -1

11@ System shall let customers cancel their account  process shall take no longer than 2 minutes.  Database will mark the account as inactive  and user will not be able to log into the website.@0 -1

12@The response time shall be fast enough to maintain the flow of the game.  The response time shall be no more than 2 seconds. @0 -1

13@System shall let existing customers log into the website with their email address and password in under 5 seconds.@0 -1

14@The response time of common customer service tasks shall take no longer than 8 seconds and the response time of order processing shall take no longer than 60 seconds.@0 -1

15@Test files shall be loaded up to 5 times throughout the year from the BDW. @0 -1

16@The language of the product shall accommodate all of the target market countries. 90% of survey respondents from each target market country will find that the language of the product is acceptable.@1 0

17@the system response time for all operations must be for 90% of the time. @1 0

18@The System shall allow for a minimum of  6 users to work at the same time. @1 0

19@No lead evaluation will complete in a time period longer than 25 seconds for 97% of all leads processed.@1 0

20@100% of merchant services representatives shall be able to successfully perform a follow up action on a dispute case on the first encounter after completing the training course. @1 0

21@After one use a user should understand and remember 90% of the system usage and navigation. @1 0

22@The application shall be able to complete every user transaction within one fourth of a second of receiving the request over the network.@0 -1

23@The display of all the pages will be correct in 95% of the resolutions  prior to implementation.  @1 0

24@The product shall be expected to operate for at least 5 years for each customer installation. @1 0

25@Administrator shall be able to activate a pre-paid card via the Administration section in under 5 seconds.@0 -1

26@90% of survey respondents from each target market country will find that the language of the product is acceptable. @1 0

27@All additions of new users and modifications to user access shall be recorded on the User Report. @1 1

28@Users shall feel satisfied using the product.  85% of all users will be satisfied with the product. @1 0

29@The service shall be available for use 18 hours per day, 300 days per year.@1 1

30@The system shall be capable of handling the existing 500 users. This number is expected to double within the next year.@1 0

31@The message board shall contain the 5 most recently posted messages on the league page. @1 -1

32@The product shall increase productivity of Collision Estimators. 80% of the Collision Estimators shall agree their productivity has increase within 1 month of using the product. @1 0

33@The product shall synchronize with the office system every hour.  @1 -1

34@The Disputes application shall interface with the Cardmember Information Database.  The Cardmember Information Database provides detailed information with regard to a cardmember.  All cardmember detail information must be obtained from the Cardmember Information Database. @1 1

35@The search for recycled parts shall take no longer than 15 seconds.  The search results shall be returned in under 15 seconds.@0 -1

36@The response time shall be fast enough for 95% of responses. @1 0

37@The product interface should be fast for 90% of the time. @1 0

38@Total lead cycle time must be completed in 5 minutes for 90% of lead volume between the business hours of 8AM CST to 8PM CST; then 3 minutes for 99% of lead volume during off business hours.@1 0

39@the response time should not be more than 10 seconds. @0 -1

40@System shall let customers register on the website as a ìpay as you goî user in under 5 minutes.@0 -1

41@The system shall refresh the display every 60 seconds.  @1 -1

42@System shall let administrator de-activate a customer account in under 1 minute.  @0 -1

43@The application shall have a downtime of at most 10 minutes per year.@0 -1

44@When streaming a movie  the buffering time should take no longer than 10 seconds.@0 -1

45@The mobile app shall function in airplane mode whenever wireless connection is unavailable.@1 1

46@If projected  the data must be readable.  On a 10x10 projection screen  90% of viewers must be able to read Event / Activity data from a viewing distance of 30 @1 0

47@The website shall be able to support 500 simultaneous visitors.@1 0

48@Users should only have to navigate through a maximum of 4 pages  to create an account with the website	. @0 -1

49@Any interface between a user and the automated system shall have a maximum response time of 5 seconds  unless noted by an exception below.@0 -1

50@The Disputes application shall support 350 concurrent users without any degradation of performance in the application.@1 0

51@The System shall allow for a minimum of  6 users to work at the same time.@1 0

52@When streaming a movie  the buffering time should take no longer than 10 seconds (plus any latency on the userís connection.)@0 -1

53@The product shall able to handle a large number of games simultaneously.@1 1

54@98% of the user workstations shall meet the minimum software requirements prior to implementation: Microsoft Internet Explorer 5.0. Microsoft .NET Framework 1.1. @1 0

55@The Disputes application shall be available 24x7x365  with the exception of the following scheduled maintenance windows.  Monday ?Saturday 3:00am to 4:00am EST Sunday 1:00amd to 5:00am EST @1 1

56@95% of the product look & feel will be approved by the Architecture group  prior to implementation. @1 0

57@The website shall achieve 99.5% up time. @1 0

58@System shall let customers register on the website as a ìunlimited movie subscriberî user in under 10 minutes.@0 -1

59@The website shall be available for use 24 hours per day  365 days per year. @1 1

60@The average number of recycled parts records per day shall be 50 000.@1 -1

61@The product shall respond fast to keep up-to-date data in the display. @-1 -1

62@The product shall provide Error Tracking Services.The product shall help the System Administrators and DBAs to resolve transaction errors 99% of the time. @1 0

63@The CMA report shall be returned no later 60 seconds after the user has entered the CMA report criteria. @0 -1

64@The server will support a maximum of 1000 simultaneous users. @1 0

65@The product shall able to handle a large number of games simultaneously. @1 1

66@The product shall be able to be installed in any operating environment within 2 days. @0 -1

67@The system shall achieve 95% up time. @1 0

68@The product and/or dependent databases/filesystems shall not crash 100% of the time that malicious data is input into the product. @1 0

69@The product must be designed using Design Patterns and coding best practices.  90% of maintenance software developers are able to integrate new functionality into the product with 2 working days. @1 0

70@The number of mistakes noted by the students shall be decreased by 50% in the first year. @0 -1

71@No lead evaluation will complete for 97% of all leads processed. @0 -1

72@ Customer shall be able to check the status of their prepaid card  by entering in the PIN number  in under 5 seconds.@0 -1

73@70% of registered users shall find a solution to their problem using the support site. @1 0

74@The website shall be capable of supporting 100 000 customers. @1 0

75@The Disputes applications shall interface with the Merchant Information Database.  The Merchant Information Database provides detailed information with regard to the merchant. All merchant detail information shall be obtained from the Merchant Information Database. @1 1

76@The website shall be available for use 24 hours per day  365 days per year.@1 1

77@The response shall be fast enough to avoid interrupting the user flow of thought.  90% of tasks shall complete within 5 seconds.  98% of tasks shall complete within 8 seconds. @1 0

78@The product shall be capable of handling the existing 1000 users. This number is expected to grow 5 times within the next year. @1 0

79@The product shall be able support 1000 simultaneous users. @1 0

80@The response time of general student management tasks shall take no longer than 5 seconds and the response time of schedule generation shall take no longer than 30 seconds. @0 -1

81@Total lead cycle time must be completed in 3 minutes. @0 -1

82@For leads that process longer than 25 seconds the system will record the event and duration. @0 -1

83@The search results shall be returned no later 30 seconds  after the user has entered the search criteria @0 -1

84@Izogn Administrator must be able to update the category listings on the website within 2 minutes. @0 -1

85@The preferred repair facility ratings shall be saved within 5 seconds. The save shall occur within 5 seconds.@0 -1

86@The product shall give users feedback when necessary. 80% of the users surveyed report that the product accurately confirms their actions. @1 0

87@The server will support a maximum of 1 000 simultaneous users.@1 0

88@the system response time must be no more than 5 seconds. @0 -1

89@Team members shall be able to finish a series of tasks promptly.@-1 -1

90@The product shall be intuitive and self-explanatory.  :  90% of new users shall be able to start the display of Events or Activities within 90 minutes of using the product. @1 0

91@On a 112k connection or faster  the system response time for all operations must be no more than 3 seconds 90% of the time.@1 0

92@100% of saved user preferences shall be restored when system comes back online. @1 0

93@The product shall be capable of handling up to 1000 concurrent requests.  This number will increase to 2 000 by Release 2.  The concurrency capacity must be able to handle peak scheduling times such as early morning and late afternoon hours. @1 0

94@The system shall be responsive for 90% of the time. @1 0

95@The product shall be available 24 hours per day  seven days per week.@1 1

96@The detailed report shall be returned no later than 90 seconds after the user has entered the report criteria.@0 -1

97@The response shall be fast enough to avoid interrupting the userís flow of thought.  90% of tasks shall complete within 5 seconds.  98% of tasks shall complete within 8 seconds.@1 0

98@All movies shall be streamed on demand  at any time of the day. @1 1

99@The WCS system shall be available at all times as long as IBMís internal intranet W3 is accessible. The WCS system will be available 95% of the time IBMís internal intranet W3 is available.@1 0

100@system shall be able to handle all of the user requests/usage during business hours. @1 1

101@The product shall be able to handle 10 000 concurrent users within 2 years of the initial launch. @1 0

102@Total lead cycle time must be completed for 90% of lead volume between the business hours of 8AM CST to 8PM CST. @1 0

103@All business rules specified in the Disputes System shall be in compliance with the Merchant Operating Regulations. @1 1

104@Customers should be able to purchase and watch a pre-determined movie in under 3 minutes.@0 -1

105@The product shall make the users want to use it. 80% of the users surveyed report they are regularly using the product after the first 2 weeks post-launch. @1 0

106@System shall let administrator add/remove movies on the website in under 5 minutes.  Entered movie information will be stored in the database and will now be available on the website.@0 -1

107@The platform shall be able to support multiple concurrent users.@1 1

108@The tool shall create a summary report in an acceptable time.@-1 -1

109@The website shall achieve 99.5% up time.@1 0

110@The product shall produce search results in an acceptable time @-1 -1

111@The system shall cater to 10 simultaneous users from 9am to 5pm. @1 -1

112@The recycled parts audit report shall be returned to the user within 10 seconds.  The audit report shall be returned within 10 seconds.@0 -1

113@All business rules specified in the Disputes System shall be in compliance to the guidelines of Regulation E and Regulation Z. @1 1

114@The system must be available for use between 7:00AM and 11:59PM all days of the year.@1 0

115@100% of the cardmember and merchant services representatives shall use the Disputes application regularly after a 2-day training course. @1 0

116@New branches/complexes/districts/regions and revenue/expense accounts added to the BDW  must be reflected in the RFS system. 100% of the entities (mentioned above) available as of October month-end  will be loaded into the RFS system  prior to the budget start process. @1 0

117@System shall let administrators generate unique pre-paid pins in under 2 minutes and generate an Excel file with the generated PINs.@0 -1

118@Users shall be able to view at least 25 NFL player statistics and points on each page. @1 0

119@The product shall have audit capabilities.The product shall store messages for a minimum of one year for audit and transaction tracking purposes. @1 0

120@Maintenance releases will be offered to customers once a year.  The releases shall take no longer than 5 minutes for 80% of the customer base to install. @0 -1

121@The Disputes application shall interface with the Cardmember Posting and Billing System.  This will allow the Disputes application to request adjustments to cardmember and merchant accounts. All adjustment requests must be sent to the Cardmember Posting and Billing System. @1 1

122@System shall let administrator add/remove movies on the website in under 5 minutes. @0 -1

123@System shall let existing customers log into the website with their email address and password in under 5 seconds. @0 -1

124@The product shall be able to process 10 000 transactions per hour within two years of its launch.  This number will increase to 20 000 by Release 2.@1 0

125@The remaining 5% will be corrected and approved within one month of product release. @0 -1

126@All updates to data files or database must be initiated from the Disputes System. @1 1

127@The search for the preferred repair facility shall take no longer than 8 seconds.  The preferred repair facility is returned within 8 seconds @0 -1

128@100% of customers will be able to receive automatic software updates transmitted to the installed product. @1 0

129@The product shall be able to process all transactions.The product shall process minimum of 1 million transactions per year.@1 0

130@The application shall have a downtime of at most 10 minutes per year. @0 -1

131@On a 112k connection or faster  the system response time for all operations must be no more than 3 seconds. @0 -1

132@Promotional updates to the website should take a day to update. @0 -1

133@The product shall generate a CMA report in an acceptable time. @-1 -1

134@System shall let customers register on the website  in under 5 minutes. @0 -1

135@The WCS system must run queries to the WCS databases once again (on a specified day) to update the available data available to CCR users. Queries must be made to external databases for data refresh once a week. @1 -1

136@The system shall have high availability every day of the year.The system must be available for use between 12:00AM and 6:00PM all days of the year.@1 0

137@95% of saved user settings shall be restored when the app restarts.@1 0

138@Aside from server failure  the software product shall achieve 99.99% up time. @1 0

139@2 out of 3 Program Administrators/Nursing Staff Members shall successfully be able to use the system to manage the scheduling of classes and clinicals. @1 0

140@The server shall synchronize with the backup system every 2 hours.@1 -1

141@No lead evaluation will complete in a time period longer than 25 seconds. @0 -1

142@The product shall be updated on a regular basis.The product will have a new major feature introduced every six months and quarterly maintenance releases every six months. @1 -1

143@Izogn Administrator must be able to add new products to the website within 2 minutes. @0 -1

144@The process must fit within the processing time conditions set forth by the Auto Rep Assignment process in which a lead is assigned within 3 minutes of the total life cycle.@0 -1

145@The system shall be easy to use by callers and supervisors. Callers and supervisors must be able to accomplish any system task within 2 minutes. @0 -1

146@The WCS system shall be available at all times as long as IBM internal intranet W3 is accessible. The WCS system will be available 95% of the time IBM抯 internal intranet W3 is available. @1 0

147@Customer shall be able to check the status of their prepaid card  by entering in the PIN number  in under 5 seconds. @0 -1

148@The system shall be able to manage all of the data requests/processing during working hours.@1 1

149@The Disputes application shall interface with the Letters application.  This will allow the Disputes application to request letters as part of the dispute initiation and dispute follow up process. All letter requests must be sent to the Print Letter Utility application. @1 1

150@The system must use a point and click interface. 100% of all selection and navigation functionality must be able to be activated/selected by either a mouse or a keyboard. @1 0

151@no more than 4% for the remaining responses. @0 -1

152@The product shall be expected to operate within the maximum maintenance budget for a minimum of 2 years. @1 0

153@A new user shall be able to navigate through the league and team pages within 30 seconds of reaching the start-up page. @0 -1

154@98% of the user workstations shall meet the minimum hardware requirements prior to implementation. @1 0

155@Recreation of Inventory Quantity Adjustment for the period of previous 30 days shall take no more than 30min. @0 -1

156@100% of all logons shall be by either company employees or external users with company-approved user IDs. @1 0

157@A new user must be able to be added to the system within 10 minutes.  90% of new users are able to log into the system within 10 minutes. @0 -1

158@The product shall be able to handle up to 1500 simultaneous users. The system shall perform with 1500 users as a time. @1 0

159@The product shall process messages within 2 seconds.The product shall have a maximum message processing time of 2 seconds@0 -1

160@The search for recycled parts shall take no longer than 15 seconds.  The search results shall be returned in under 15 seconds. @0 -1

161@All movies shall be streamed on demand  at any time of the day.@1 1

162@The product shall be able to handle 10 000 concurrent users within 2 years of the initial launch.@1 0

163@The website shall load fast to display the latest news.@-1 -1

164@The product shall be easy to use. 90% of users will be able to successfully reserve a conference room within 5 minutes of product use. @1 0

165@The interface shall be appealing to callers and supervisors. In the interface and usability survey  80% of beta testers must report that the interface is appealing. @1 0

166@The system shall be responsive. At the DePaul TeleServices Center  when a supervisor uses the system to view a callers schedule  the system response time must be no more than 2 seconds.  @0 -1

167@The maximum wait time for a user navigating from one screen to another within the Disputes application shall be no more than 5 seconds. @0 -1

168@Any interface between a user and the automated system shall have a maximum response time of 5 seconds  unless noted by an exception below.@0 -1

169@System shall let Izogn Manager access sales and usage statistics in under 2 minutes.@0 -1

170@The RFS system should be available 24/7  especially during the budgeting period.  @1 0

