1@The remaining 5% will be corrected within a week of notification of the incorrect display. @0 -1

2@The product shall be able to be installed in the specified environment within 1 working day. @0 -1

3@System shall let administrator add/remove movies on the website in under 5 minutes. @0 -1

4@The product shall be available 24 hours per day  seven days per week. @1 0

5@The product shall achieve a 98% uptime. The product shall not fail more than 2% of the available online time. @0 -1

6@The maximum wait time for a user navigating from one screen to another within the Disputes application shall be no more than 5 seconds. @0 -1

7@The product shall able to handle a large number of games simultaneously. @1 1

8@System shall let administrator add/remove movies on the website in under 5 minutes.  Entered movie information will be stored in the database and will now be available on the website.@0 -1

9@The system shall be capable of processing 100% of nursing students and their classes for the next 10 years. @1 0

10@the system response time for all operations must be for 90% of the time. @1 0

11@100% of customers will be able to receive automatic software updates transmitted to the installed product. @1 0

12@The system shall have high availability every day of the year.The system must be available for use between 12:00AM and 6:00PM all days of the year.@1 0

13@The product shall be expected to operate within the maximum maintenance budget for a minimum of 2 years. @1 0

14@The product shall be intuitive and self-explanatory.  :  90% of new users shall be able to start the display of Events or Activities within 90 minutes of using the product. @1 0

15@The product shall be able to process all transactions.The product shall process minimum of 1 million transactions per year.@1 0

16@The product shall poll the system for messages every second.The product shall poll the system for new messages at a maximum of every 1 second.@0 -1

17@Out of 1000 accesses to the system  the system is available 999 times. @1 0

18@The website shall achieve 99.5% up time.@1 0

19@system shall be able to handle all of the user requests/usage during business hours. @1 1

20@95% of the product look & feel will be approved by the Architecture group  prior to implementation. @1 0

21@Customer shall be able to check the status of their prepaid card  by entering in the PIN number  in under 5 seconds. @0 -1

22@The Disputes application shall interface with the Cardmember Posting and Billing System.  This will allow the Disputes application to request adjustments to cardmember and merchant accounts. All adjustment requests must be sent to the Cardmember Posting and Billing System. @1 1

23@The website shall be able to support 500 simultaneous visitors.@1 0

24@100% of merchant services representatives shall be able to successfully perform a follow up action on a dispute case on the first encounter after completing the training course. @1 0

25@The application shall accommodate 20 simultaneous users.@1 0

26@The Disputes application shall support 350 concurrent users without any degradation of performance in the application.@1 0

27@System shall let the administrator add/remove categories on the website in under 5 minutes. @0 -1

28@Total lead cycle time must be completed in 5 minutes for 90% of lead volume between the business hours of 8AM CST to 8PM CST; then 3 minutes for 99% of lead volume during off business hours.@1 0

29@The search for recycled parts shall take no longer than 15 seconds.  The search results shall be returned in under 15 seconds.@0 -1

30@The product shall be able to handle up to 1500 simultaneous users. The system shall perform with 1500 users as a time. @1 0

31@The product shall synchronize with the office system every hour.  @1 -1

32@Rreports must be easy to generate. eports must be generated within one button click and exported within one button click (after selecting the report). @0 -1

33@Administrator shall be able to activate a pre-paid card via the Administration section in under 5 seconds.@0 -1

34@The product shall make the users want to use it. 80% of the users surveyed report they are regularly using the product after the first 2 weeks post-launch. @1 0

35@Aside from server failure  the software product shall achieve 99.99% up time.@1 0

36@the system response time must be no more than 5 seconds. @0 -1

37@The product must be designed using Design Patterns and coding best practices.  90% of maintenance software developers are able to integrate new functionality into the product with 2 working days. @1 0

38@An anonymous survey will show that 95% of customers are comfortable using and purchasing pre-paid cards after a month of using the system. @1 0

39@The application shall be able to complete every user transaction within one fourth of a second of receiving the request over the network. @0 -1

40@No lead evaluation will complete in a time period longer than 25 seconds. @0 -1

41@100% of saved user preferences shall be restored when system comes back online. @1 0

42@The system shall be able to manage all of the data requests/processing during working hours.@1 1

43@If projected  the data must be understandable. On a 10x10 projection screen  90% of viewers must be able to determine that Events or Activities are occuring in current time from a viewing distance of 100 @1 0

44@The product shall be easy to use. 90% of users will be able to successfully reserve a conference room within 5 minutes of product use. @1 0

45@The product shall be easy to use by Adjusters and Collision Estimators.  95% of Adjusters and Collision Estimators shall find the product easy to use. @1 0

46@The product shall be available during normal business hours. As long as the user has access to the client PC  the system will be available 99% of the time during the first six months of operation. @1 0

47@An anonymous survey will show that 70% of customers are comfortable purchasing streaming movies after 2 weeks using the website. @1 0

48@The product shall be capable of handling up to 1 000 concurrent requests.  This number will increase to 2 000 by Release 2.  The concurrency capacity must be able to handle peak scheduling times such as early morning and late afternoon hours.@1 0

49@Total lead cycle time must be completed in 5 minutes. @0 -1

50@100% of cardmember services representatives shall be able to successfully create a dispute case on the first encounter after completing the training course. @1 0

51@The streaming server will support 50 simultaneous streaming connections. @1 0

52@Administrator shall be able to activate a pre-paid card via the Administration section in under 5 seconds. @0 -1

53@The RFS system should be available 24/7  especially during the budgeting period.  @1 0

54@ Customer shall be able to check the status of their prepaid card  by entering in the PIN number  in under 5 seconds.@0 -1

55@The product shall increase productivity of Collision Estimators. 80% of the Collision Estimators shall agree their productivity has increase within 1 month of using the product. @1 0

56@Izogn Administrator must be able to add new products to the website within 2 minutes.@0 -1

57@For leads that process longer than 25 seconds the system will record the event and duration. @0 -1

58@All movies shall be streamed on demand  at any time of the day.@1 1

59@The system shall be responsive. At the DePaul TeleServices Center  when a supervisor uses the system to view a callers schedule  the system response time must be no more than 2 seconds 90% of the time and no more than 5 seconds the rest of the time.@1 0

60@The streaming server will support a maximum of 700 movies; new servers can be added to support more movies. @1 0

61@Promotional updates to the website should take a day to update. @0 -1

62@The response time shall be fast enough to maintain the flow of the game.  The response time shall be no more than 2 seconds for 95% of responses and no more than 4% for the remaining responses.@1 0

63@The system shall have high availability every day of the year.The system must be available for use between 12:00AM and 6:00PM all days of the year. @1 1

64@The product shall be able to be installed in any operating environment within 2 days. @0 -1

65@The Disputes application shall interface with the Letters application.  This will allow the Disputes application to request letters as part of the dispute initiation and dispute follow up process. All letter requests must be sent to the Print Letter Utility application. @1 1

66@The product interface should be fast. The response time of the product interface should not exceed 2 seconds. @0 -1

67@98% of the user workstations shall meet the minimum hardware requirements prior to implementation. @1 0

68@The WCS system shall use appropriate nomenclature and terminology as defined by the Corporate Community Grants organization. All interfaces and reports will undergo usability tests by CCR users. @1 1

69@The search results shall be returned no later 30 seconds  after the user has entered the search criteria @0 -1

70@The website shall be available for use 24 hours per day  365 days per year. @1 1

71@Aside from server failure  the software product shall achieve 99.99% up time. @1 0

72@The server shall synchronize with the backup system every 2 hours.@1 -1

73@System shall let customers cancel their account  process shall take no longer than 2 minutes. @0 -1

74@Izogn Administrator must be able to update the category listings on the website within 2 minutes.@0 -1

75@The product shall respond fast to keep up-to-date data in the display. @-1 -1

76@The product shall be available 99% of the time. Rationale: To avoid service interruption during busiest customer service response periods. The product shall be available 99.99% of the time for regular business days. @1 0

77@Users should be able to access their streaming movies in under 2 clicks after logging into the website. @0 -1

78@System shall let administrators generate unique pre-paid pins in under 2 minutes and generate an Excel file with the generated PINs. @0 -1

79@System shall let Izogn Manager access sales and usage statistics in under 2 minutes.@0 -1

80@The query results shall be presented no later than 45 seconds after the user has input the query parameters.@0 -1

81@The maximum wait time for a user navigating from one screen to another within the Disputes application shall be no more than 5 seconds.@0 -1

82@The website shall be capable of supporting 100 000 customers. @1 0

83@no more than 4% for the remaining responses. @0 -1

84@The search for the preferred repair facility shall take no longer than 8 seconds.  The preferred repair facility is returned within 8 seconds @0 -1

85@the time exceed 10 seconds should not be more than 10% of the time. @0 -1

86@The process must fit within the processing time conditions set forth by the Auto Rep Assignment process in which a lead is assigned within 3 minutes of the total life cycle.@0 -1

87@The language of the product shall accommodate all of the target market countries. 90% of survey respondents from each target market country will find that the language of the product is acceptable.@1 0

88@On a 112k connection or faster  the system response time for all operations must be no more than 3 seconds 90% of the time.@1 0

89@The response shall be fast enough to avoid interrupting the user flow of thought.  90% of tasks shall complete within 5 seconds.  98% of tasks shall complete within 8 seconds. @1 0

90@The system shall be responsive for 90% of the time. @1 0

91@The product interface should be fast for 90% of the time. @1 0

92@The product shall provide Error Tracking Services.The product shall help the System Administrators and DBAs to resolve transaction errors 99% of the time. @1 0

93@90% of survey respondents from each target market country will find that the date and time formatting of the product is correct. @1 0

94@Total lead cycle time must be completed in 3 minutes. @0 -1

95@The search for recycled parts shall take no longer than 15 seconds.  The search results shall be returned in under 15 seconds. @0 -1

96@The product and/or dependent databases/filesystems shall remain operational as a result of the input of malicious data.  The product and/or dependent databases/filesystems shall not crash 100% of the time that malicious data is input into the product.@1 1

97@Test files shall be loaded up to 5 times throughout the year from the BDW. @0 -1

98@The process must fit within the processing time conditions set forth by the Auto Rep Assignment process in which a lead is assigned within 3 minutes of the total life cycle. @0 -1

99@The product shall process messages within 2 seconds.The product shall have a maximum message processing time of 2 seconds@0 -1

100@The product shall be expected to operate for at least 5 years for each customer installation. @1 0

101@The product shall generate a CMA report in an acceptable time. @-1 -1

102@The RFS system shall be available 90% of the time all year  and 98% during the budgeting period.  @1 0

103@The product shall be able to handle 10 000 concurrent users within 2 years of the initial launch.@1 0

104@The product shall be expected to operate for at least 5 years for each customer installation.@1 0

105@The Disputes applications shall interface with the Merchant Information Database.  The Merchant Information Database provides detailed information with regard to the merchant. All merchant detail information shall be obtained from the Merchant Information Database. @1 1

106@As long as the user has a stable network connection, the application will be available 95% of the time during the first three months of operation.@1 0

107@The application shall have a downtime of at most 10 minutes per year. @0 -1

108@The system shall be capable of handling the existing 500 users. This number is expected to double within the next year.@1 0

109@When purchasing a streaming movie or pre-paid card via credit card  the processing time should have a maximum response time of 15 seconds.@0 -1

110@The product must be highly configurable for use with various database management systems for the end users.  80% of end users are able to integrate new database management systems with the product without changing the product抯 software code. @1 0

111@The RFS system should be available 24/7  especially during the budgeting period. The RFS system shall be available 90% of the time all year  and 98% during the budgeting period. 2% of the time  the system will become available within 1 hour of the time that the situation is reported.@1 0

112@The website shall achieve 99.5% up time. @1 0

113@When streaming a movie  the buffering time should take no longer than 10 seconds (plus any latency on the userís connection.)@0 -1

114@The product shall be able to handle up to 1500 simultaneous users. The system shall perform with 1500 users as a time.@1 0

115@The average number of recycled parts records per day shall be 50 000.@1 -1

116@The product shall be capable of handling up to 1000 concurrent requests.  This number will increase to 2 000 by Release 2.  The concurrency capacity must be able to handle peak scheduling times such as early morning and late afternoon hours. @1 0

117@data files shall be received from the BDW and loaded into the RFS system within 3 hours one day prior to the start of budgeting process  every year. @0 -1

118@The response time shall be fast enough to maintain the flow of the game.  The response time shall be no more than 2 seconds. @0 -1

119@The search for the preferred repair facility shall take no longer than 8 seconds.  The preferred repair facility is returned within 8 seconds@0 -1

120@Total lead cycle time must be completed for 99% of lead volume during off business hours. @1 0

121@The system shall be easy to use by callers and supervisors. Callers and supervisors must be able to accomplish any system task within 2 minutes. @0 -1

122@The system must be available for use between 7:00AM and 11:59PM all days of the year.@1 0

123@The response time of general student management tasks shall take no longer than 5 seconds and the response time of schedule generation shall take no longer than 30 seconds. @0 -1

124@The product shall achieve a 98% uptime. The product shall not fail more than 2% of the available online time.@0 -1

125@System shall let customers register on the website as a ìpay as you goî user in under 5 minutes.@0 -1

126@The platform shall be able to support multiple concurrent users.@1 1

127@Maintenance releases will be offered to customers once a year.  The releases shall take no longer than 5 minutes for 80% of the customer base to install. @0 -1

128@The device shall update the status information every 120 seconds.@1 -1

129@No lead evaluation will complete for 97% of all leads processed. @0 -1

130@The system shall be responsive. At the DePaul TeleServices Center  when a supervisor uses the system to view a callers schedule  the system response time must be no more than 2 seconds.  @0 -1

131@The system shall be capable of registering 100% of new students and their courses.@1 0

132@The server will support a maximum of 1000 simultaneous users. @1 0

133@The service shall be available for use between the hours of 9am and 5pm.@1 0

134@When streaming a movie  the buffering time should take no longer than 10 seconds.@0 -1

135@All business rules specified in the Disputes System shall be in compliance to the guidelines of Regulation E and Regulation Z. @1 1

136@New branches/complexes/districts/regions and revenue/expense accounts added to the BDW  must be reflected in the RFS system. 100% of the entities (mentioned above) available as of October month-end  will be loaded into the RFS system  prior to the budget start process. @1 0

137@The product shall adhere to the corporate online availability schedule.  The application is brought down only within 98% of the scheduled outages per the availability schedule.@0 -1

138@Recreation of Inventory Quantity Adjustment for the period of previous 30 days shall take no more than 30min. @0 -1

139@The detailed report shall be returned no later than 90 seconds after the user has entered the report criteria.@0 -1

140@All updates to data files or database must be initiated from the Disputes System. @1 1

141@All CCR users shall receive training before the WCS system is deployed. One training session will be held for 100% of CCR users before system deployment (based on a CCR user being available) @1 0

142@If projected  the data must be readable.  On a 10x10 projection screen  90% of viewers must be able to read Event / Activity data from a viewing distance of 30 @1 0

143@The response time of common customer service tasks shall take no longer than 8 seconds and the response time of order processing shall take no longer than 60 seconds.@0 -1

144@The system shall update the inventory in an acceptable time.@-1 -1

145@The system shall be easy to learn by callers and supervisors. Callers and supervisors shall learn how to use the system within 10 minutes. @0 -1

146@registered users shall find a solution to their problem within 5 minutes of using the support site. @0 -1

147@The software shall generate reports in a acceptable time.@-1 -1

148@Users shall feel satisfied using the product.  85% of all users will be satisfied with the product. @1 0

149@100% of all search queries for reservations by user shall be from logons of only management logons. @1 0

150@The system shall be expected to manage the nursing program curriculum and class/clinical scheduling for a minimum of 5 years. @1 0

151@Team members shall be able to finish a series of tasks promptly.@-1 -1

152@The display of all the pages will be correct in 95% of the resolutions  prior to implementation.  @1 0

153@The website shall load fast to display the latest news.@-1 -1

154@The remaining 5% will be corrected and approved within one month of product release. @0 -1

155@System shall let Izogn Manager access sales and usage statistics in under 2 minutes. @0 -1

156@The preferred repair facility ratings shall be saved within 5 seconds. The save shall occur within 5 seconds. @0 -1

157@An employee will be able to successfully use the product within a few minutes.  After informally navigating the product for less than 15 minutes  users shall be able to successfully setup meetings and reserve conference rooms. @0 -1

158@The product shall process messages within 2 seconds.The product shall have a maximum message processing time of 2 seconds. @0 -1

159@The product shall synchronize contacts and appointments in an acceptable time. @-1 -1

160@System shall let customers register on the website in under 10 minutes. @0 -1

161@Recreation of Inventory Quantity Adjustment for the period of previous 30 days shall take no more than 30min.@0 -1

162@The server will support a maximum of 1 000 simultaneous users.@1 0

163@All movies shall be streamed on demand  at any time of the day. @1 1

164@The response time shall be fast enough to maintain the flow of the game. The response time shall be no more than 2 seconds for 95% of responses and no more than 4% for the remaining responses.@1 0

165@The CMA report shall be returned no later 60 seconds after the user has entered the CMA report criteria. @0 -1

166@The system will provide a 24 hour 800 toll free number for support to its customers.@1 0

167@The product and/or adjacent hardware/software systems data shall remain 100% uncorrupted each time malicious data is input into the product. @1 0

168@The product shall poll the system for messages every second.The product shall poll the system for new messages at a maximum of every 1 second. @0 -1

169@The preferred repair facility ratings shall be saved within 5 seconds. The save shall occur within 5 seconds.@0 -1

170@The messages will contain up to the first 150 characters of the message. @0 -1

