1@The response time of common customer service tasks shall take no longer than 8 seconds and the response time of order processing shall take no longer than 60 seconds.@0 -1

2@The network shall achieve 90% up time.@1 0

3@The product shall be able to handle up to 1500 simultaneous users. The system shall perform with 1500 users as a time. @1 0

4@If projected  the data must be understandable. On a 10x10 projection screen  90% of viewers must be able to determine that Events or Activities are occuring in current time from a viewing distance of 100 @1 0

5@The service shall be available for use between the hours of 9am and 5pm.@1 0

6@An anonymous survey will show that 70% of customers are comfortable purchasing streaming movies after 2 weeks using the website. @1 0

7@90% of survey respondents from each target market country will find that the language of the product is acceptable. @1 0

8@The product shall be expected to operate for at least 5 years for each customer installation. @1 0

9@registered users shall find a solution to their problem within 5 minutes of using the support site. @0 -1

10@The response time shall be fast enough to maintain the flow of the game.  The response time shall be no more than 2 seconds. @0 -1

11@The system shall be capable of handling the existing 500 users. This number is expected to double within the next year.@1 0

12@All CCR users shall receive training before the WCS system is deployed. One training session will be held for 100% of CCR users before system deployment (based on a CCR user being available) @1 0

13@Any interface between a user and the automated system shall have a maximum response time of 5 seconds  unless noted by an exception below.@0 -1

14@The system must use a point and click interface. 100% of all selection and navigation functionality must be able to be activated/selected by either a mouse or a keyboard. @1 0

15@Any interface between a user and the automated system shall have a maximum response time of 5 seconds  unless noted by an exception below.@0 -1

16@the system response time for all operations must be for 90% of the time. @1 0

17@Promotional updates to the website should take a day to update. @0 -1

18@The product shall be able to be installed in the specified environment within 1 working day. @0 -1

19@The product shall be intuitive and self-explanatory.  :  90% of new users shall be able to start the display of Events or Activities within 90 minutes of using the product. @1 0

20@The platform shall be able to support multiple concurrent users.@1 1

21@The product shall able to handle a large number of games simultaneously.@1 1

22@Izogn Administrator must be able to update the category listings on the website within 2 minutes. @0 -1

23@Rreports must be easy to generate. eports must be generated within one button click and exported within one button click (after selecting the report). @0 -1

24@The product shall produce search results in an acceptable time @-1 -1

25@The product interface should be fast. The response time of the product interface should not exceed 2 seconds. @0 -1

26@System shall let the administrator add/remove categories on the website in under 5 minutes. @0 -1

27@The system shall refresh the display every 60 seconds.  @1 -1

28@System shall let customers register on the website as a ìpay as you goî user in under 5 minutes.@0 -1

29@The product shall be able to be installed in any operating environment within 2 days. @0 -1

30@70% of registered users shall find a solution to their problem using the support site. @1 0

31@The product shall be able to handle 10 000 concurrent users within 2 years of the initial launch. @1 0

32@The process must fit within the processing time conditions set forth by the Auto Rep Assignment process in which a lead is assigned within 3 minutes of the total life cycle. @0 -1

33@The system shall be capable of processing 100% of nursing students and their classes for the next 10 years. @1 0

34@The product shall be easy to use. 90% of users will be able to successfully reserve a conference room within 5 minutes of product use. @1 0

35@For each emerging target market  it shall take no more than 5 days to configure the product for that market language. @0 -1

36@The system shall be responsive. At the DePaul TeleServices Center  when a supervisor uses the system to view a callers schedule  the system response time must be no more than 2 seconds.  @0 -1

37@The product shall poll the system for messages every second.The product shall poll the system for new messages at a maximum of every 1 second. @0 -1

38@Team members shall be able to finish a series of tasks promptly.@-1 -1

39@The website shall be capable of supporting 100 000 customers. @1 0

40@System shall let administrator add/remove movies on the website in under 5 minutes. @0 -1

41@The system must be available for use between 7:00AM and 11:59PM all days of the year.@1 0

42@When purchasing a streaming movie or pre-paid card via credit card  the processing time should have a maximum response time of 15 seconds.@0 -1

43@The product shall process messages within 2 seconds.The product shall have a maximum message processing time of 2 seconds@0 -1

44@Total lead cycle time must be completed in 5 minutes for 90% of lead volume between the business hours of 8AM CST to 8PM CST; then 3 minutes for 99% of lead volume during off business hours.@1 0

45@System shall let the administrator add/remove categories on the website in under 5 minutes.@0 -1

46@The product shall be available 24 hours per day  seven days per week.@1 1

47@the system response time must be no more than 5 seconds. @0 -1

48@The product shall process messages within 2 seconds.The product shall have a maximum message processing time of 2 seconds. @0 -1

49@Recreation of Inventory Quantity Adjustment for the period of previous 30 days shall take no more than 30min. @0 -1

50@The product shall be able to handle 10 000 concurrent users within 2 years of the initial launch.@1 0

51@The product shall synchronize contacts and appointments in an acceptable time. @-1 -1

52@The query results shall be presented no later than 45 seconds after the user has input the query parameters.@0 -1

53@The server will support a maximum of 1 000 simultaneous users.@1 0

54@The WCS system shall be available at all times as long as IBM internal intranet W3 is accessible. The WCS system will be available 95% of the time IBM抯 internal intranet W3 is available. @1 0

55@On a 112k connection or faster  the system response time for all operations must be no more than 3 seconds. @0 -1

56@The system shall have high availability every day of the year.The system must be available for use between 12:00AM and 6:00PM all days of the year.@1 0

57@On a 112k connection or faster  the system response time for all operations must be no more than 3 seconds 90% of the time.@1 0

58@The website shall achieve 99.5% up time. @1 0

59@The search for the preferred repair facility shall take no longer than 8 seconds.  The preferred repair facility is returned within 8 seconds@0 -1

60@the time exceed 10 seconds should not be more than 10% of the time. @0 -1

61@The detailed report shall be returned no later than 90 seconds after the user has entered the report criteria.@0 -1

62@The number of mistakes noted by the students shall be decreased by 50% in the first year. @0 -1

63@no more than 4% for the remaining responses. @0 -1

64@The product shall able to handle a large number of games simultaneously. @1 1

65@The search for the preferred repair facility shall take no longer than 8 seconds.  The preferred repair facility is returned within 8 seconds @0 -1

66@The system shall update the inventory in an acceptable time.@-1 -1

67@The service shall be available for use 18 hours per day, 300 days per year.@1 1

68@Aside from server failure  the software product shall achieve 99.99% up time. @1 0

69@The product shall be capable of handling up to 1 000 concurrent requests.  This number will increase to 2 000 by Release 2.  The concurrency capacity must be able to handle peak scheduling times such as early morning and late afternoon hours.@1 0

70@No lead evaluation will complete for 97% of all leads processed. @0 -1

71@After one use a user should understand and remember 90% of the system usage and navigation. @1 0

72@System shall let customers register on the website in under 10 minutes. @0 -1

73@2 out of 3 Program Administrators/Nursing Staff Members shall successfully be able to use the system to manage the scheduling of classes and clinicals. @1 0

74@The product should be able to be used by 90% of novice users on the Internet. @1 0

75@The process must fit within the processing time conditions set forth by the Auto Rep Assignment process in which a lead is assigned within 3 minutes of the total life cycle.@0 -1

76@The product shall respond fast to keep up-to-date data in the display. @-1 -1

77@System shall let customers cancel their account  process shall take no longer than 2 minutes. @0 -1

78@The WCS system shall be available at all times as long as IBMís internal intranet W3 is accessible. The WCS system will be available 95% of the time IBMís internal intranet W3 is available.@1 0

79@The product shall make the users want to use it. 80% of the users surveyed report they are regularly using the product after the first 2 weeks post-launch. @1 0

80@The preferred repair facility ratings shall be saved within 5 seconds. The save shall occur within 5 seconds. @0 -1

81@system shall be able to handle all of the user requests/usage during business hours. @1 1

82@The messages will contain up to the first 150 characters of the message. @0 -1

83@Customers should be able to purchase and watch a pre-determined movie in under 3 minutes.@0 -1

84@Total lead cycle time must be completed for 90% of lead volume between the business hours of 8AM CST to 8PM CST. @1 0

85@The product shall generate a CMA report in an acceptable time. @-1 -1

86@The response shall be fast enough to avoid interrupting the userís flow of thought.  90% of tasks shall complete within 5 seconds.  98% of tasks shall complete within 8 seconds.@1 0

87@The product and/or adjacent hardware/software systems data shall remain 100% uncorrupted each time malicious data is input into the product. @1 0

88@System shall let Izogn Manager access sales and usage statistics in under 2 minutes. @0 -1

89@The response time shall be fast enough for 95% of responses. @1 0

90@The search for recycled parts shall take no longer than 15 seconds.  The search results shall be returned in under 15 seconds.@0 -1

91@An employee will be able to successfully use the product within a few minutes.  After informally navigating the product for less than 15 minutes  users shall be able to successfully setup meetings and reserve conference rooms. @0 -1

92@A new user shall be able to navigate through the league and team pages within 30 seconds of reaching the start-up page. @0 -1

93@New branches/complexes/districts/regions and revenue/expense accounts added to the BDW  must be reflected in the RFS system. 100% of the entities (mentioned above) available as of October month-end  will be loaded into the RFS system  prior to the budget start process. @1 0

94@The system shall be expected to manage the nursing program curriculum and class/clinical scheduling for a minimum of 5 years. @1 0

95@The application shall have a downtime of at most 10 minutes per year.@0 -1

96@System shall let administrator add/remove movies on the website in under 5 minutes.  Entered movie information will be stored in the database and will now be available on the website.@0 -1

97@100% of all search queries for reservations by user shall be from logons of only management logons. @1 0

98@100% of the cardmember and merchant services representatives shall use the Disputes application regularly after a 2-day training course. @1 0

99@The website shall be able to support 500 simultaneous visitors.@1 0

100@The application shall accommodate 20 simultaneous users.@1 0

101@Total lead cycle time must be completed in 3 minutes. @0 -1

102@Administrator shall be able to activate a pre-paid card via the Administration section in under 5 seconds. @0 -1

103@The system will provide a 24 hour 800 toll free number for support to its customers.@1 0

104@data files shall be received from the BDW and loaded into the RFS system within 3 hours one day prior to the start of budgeting process  every year. @0 -1

105@The product shall provide Error Tracking Services.The product shall help the System Administrators and DBAs to resolve transaction errors 99% of the time. @1 0

106@On a 56k connection  the system response time for all operations must be no more than 6 seconds 90% of the time.@1 0

107@The software shall generate reports in a acceptable time.@-1 -1

108@The search for recycled parts shall take no longer than 15 seconds.  The search results shall be returned in under 15 seconds. @0 -1

109@90% of untrained realtors shall be able to install the product on their device without printed instructions @1 0

110@The mobile app shall function in airplane mode whenever wireless connection is unavailable.@1 1

111@The product and/or dependent databases/filesystems shall not crash 100% of the time that malicious data is input into the product. @1 0

112@The remaining 5% will be corrected and approved within one month of product release. @0 -1

113@Aside from server failure  the software product shall achieve 99.99% up time.@1 0

114@The server shall synchronize with the backup system every 2 hours.@1 -1

115@The Disputes application shall support 350 concurrent users without any degradation of performance in the application. @1 0

116@All movies shall be streamed on demand  at any time of the day. @1 1

117@The average number of recycled parts records per day shall be 50 000.@1 -1

118@Total lead cycle time must be completed for 99% of lead volume during off business hours. @1 0

119@No lead evaluation will complete in a time period longer than 25 seconds. @0 -1

120@Izogn Administrator must be able to add new products to the website within 2 minutes.@0 -1

121@The users should be able to easily use the system to successfully complete their budgets  within the stipulated time for completion. With a week of training prior to product implementation  98% of the users shall complete their budgets within the stipulated time. @1 0

122@The product shall be available 99% of the time. Rationale: To avoid service interruption during busiest customer service response periods. The product shall be available 99.99% of the time for regular business days.@1 0

123@The product shall have audit capabilities.The product shall store messages for a minimum of one year for audit and transaction tracking purposes. @1 0

124@The system shall be capable of registering 100% of new students and their courses.@1 0

125@100% of merchant services representatives shall be able to successfully perform a follow up action on a dispute case on the first encounter after completing the training course. @1 0

126@System shall let administrator de-activate a customer account in under 1 minute.  @0 -1

127@The tool shall create a summary report in an acceptable time.@-1 -1

128@The website shall be available for use 24 hours per day  365 days per year.@1 1

129@The website shall achieve 99.5% up time.@1 0

130@The system shall be responsive. At the DePaul TeleServices Center  when a supervisor uses the system to view a callers schedule  the system response time must be no more than 2 seconds 90% of the time and no more than 5 seconds the rest of the time.@1 0

131@The product interface should be fast for 90% of the time. @1 0

132@The product interface should be fast. The response time of the product interface should not exceed 2 seconds 90% of the time. For 10% of the time  the response time should not be more than 10 seconds.@1 0
133@The product shall adhere to the corporate online availability schedule.  The application is brought down only within 98% of the scheduled outages per the availability schedule.@0 -1

134@98% of the user workstations shall meet the minimum software requirements prior to implementation: Microsoft Internet Explorer 5.0. Microsoft .NET Framework 1.1. @1 0

135@Minimum Hard Disk Space: 400MB. @1 0

136@98% of the user workstations shall meet the minimum hardware requirements prior to implementation. @1 0

137@The RFS system should be available 24/7  especially during the budgeting period.  @1 0

138@The product shall be able to process all transactions.The product shall process minimum of 1 million transactions per year.@1 0

139@The website shall be available for use 24 hours per day  365 days per year. @1 1

140@The search results shall be returned no later 30 seconds  after the user has entered the search criteria @0 -1

141@The WCS system must run queries to the WCS databases once again (on a specified day) to update the available data available to CCR users. Queries must be made to external databases for data refresh once a week. @1 -1

142@The product shall be able support 1000 simultaneous users. @1 0

143@All updates to data files or database must be initiated from the Disputes System. @1 1

144@The product shall be able to handle up to 1500 simultaneous users. The system shall perform with 1500 users as a time.@1 0

145@The Disputes application shall interface with the Cardmember Information Database.  The Cardmember Information Database provides detailed information with regard to a cardmember.  All cardmember detail information must be obtained from the Cardmember Information Database. @1 1

146@The preferred repair facility ratings shall be saved within 5 seconds. The save shall occur within 5 seconds.@0 -1

147@The system shall be easy to learn by callers and supervisors. Callers and supervisors shall learn how to use the system within 10 minutes. @0 -1

148@As long as the user has a stable network connection, the application will be available 95% of the time during the first three months of operation.@1 0

149@The product shall give users feedback when necessary. 80% of the users surveyed report that the product accurately confirms their actions. @1 0

150@The recycled parts audit report shall be returned to the user within 10 seconds.  The audit report shall be returned within 10 seconds.@0 -1

151@The system shall be easy to use by callers and supervisors. Callers and supervisors must be able to accomplish any system task within 2 minutes. @0 -1

152@The RFS system shall be available 90% of the time all year  and 98% during the budgeting period.  @1 0

153@Izogn Administrator must be able to add new products to the website within 2 minutes. @0 -1

154@The average number of recycled parts records per day shall be 50 000. @1 -1

155@The Disputes application shall support 350 concurrent users without any degradation of performance in the application.@1 0

156@The streaming server will support 50 simultaneous streaming connections.@1 0

157@The system shall be responsive for 90% of the time. @1 0

158@The CMA report shall be returned no later 60 seconds after the user has entered the CMA report criteria. @0 -1

159@System shall let existing customers log into the website with their email address and password in under 5 seconds. @0 -1

160@The Disputes applications shall interface with the Merchant Information Database.  The Merchant Information Database provides detailed information with regard to the merchant. All merchant detail information shall be obtained from the Merchant Information Database. @1 1

161@Users should only have to navigate through a maximum of 4 pages  to create an account with the website	. @0 -1

162@The system shall have high availability every day of the year.The system must be available for use between 12:00AM and 6:00PM all days of the year. @1 1

163@The language of the product shall accommodate all of the target market countries. 90% of survey respondents from each target market country will find that the language of the product is acceptable.@1 0

164@The software shall be expected to manage the training program curriculum and session scheduling for a minimum of 3 years.@1 0

165@ Customer shall be able to check the status of their prepaid card  by entering in the PIN number  in under 5 seconds.@0 -1

166@The message board shall contain the 5 most recently posted messages on the league page. @1 -1

167@100% of all logons shall be by either company employees or external users with company-approved user IDs. @1 0

168@Test files shall be loaded up to 5 times throughout the year from the BDW. @0 -1

169@The streaming server will support 50 simultaneous streaming connections. @1 0

170@The product shall be easy to use by Adjusters and Collision Estimators.  95% of Adjusters and Collision Estimators shall find the product easy to use. @1 0

