1@All updates to data files or database must be initiated from the Disputes System. @1 1

2@The mobile app shall function in airplane mode whenever wireless connection is unavailable.@1 1

3@The product shall be expected to operate for at least 5 years for each customer installation.@1 0

4@All actions that modify an existing dispute case must be recorded in the case history. @1 1

5@The product shall provide Error Tracking Services.The product shall help the System Administrators and DBAs to resolve transaction errors 99% of the time. @1 0

6@The product shall be available during normal business hours. As long as the user has access to the client PC  the system will be available 99% of the time during the first six months of operation. @1 0

7@The streaming server will support a maximum of 700 movies; new servers can be added to support more movies. @1 0

8@When streaming a movie  the buffering time should take no longer than 10 seconds (plus any latency on the userís connection.)@0 -1

9@The product shall be able to handle 10 000 concurrent users within 2 years of the initial launch. @1 0

10@2 out of 3 Program Administrators/Nursing Staff Members shall successfully be able to use the system to manage the scheduling of classes and clinicals. @1 0

11@The product shall be intuitive and self-explanatory.  :  90% of new users shall be able to start the display of Events or Activities within 90 minutes of using the product. @1 0

12@The messages will contain up to the first 150 characters of the message. @0 -1

13@The tool shall create a summary report in an acceptable time.@-1 -1

14@Team members shall be able to finish a series of tasks promptly.@-1 -1

15@The WCS system must run queries to the WCS databases once again (on a specified day) to update the available data available to CCR users. Queries must be made to external databases for data refresh once a week. @1 -1

16@The system must be available for use between 7:00AM and 11:59PM all days of the year. @1 1

17@The website shall be available for use 24 hours per day  365 days per year.@1 1

18@System shall let customers register on the website  in under 5 minutes. @0 -1

19@The application shall accommodate 20 simultaneous users.@1 0

20@Aside from server failure  the software product shall achieve 99.99% up time. @1 0

21@The system shall be capable of registering 100% of new students and their courses.@1 0

22@For leads that process longer than 25 seconds the system will record the event and duration. @0 -1

23@Administrator shall be able to activate a pre-paid card via the Administration section in under 5 seconds. @0 -1

24@On a 56k connection  the system response time for all operations must be no more than 6 seconds 90% of the time.@1 0

25@The product shall be easy to use. 90% of users will be able to successfully reserve a conference room within 5 minutes of product use. @1 0

26@the system response time for all operations must be for 90% of the time. @1 0

27@The product shall generate a CMA report in an acceptable time. @-1 -1

28@The System shall allow for a minimum of  6 users to work at the same time. @1 0

29@The Disputes application shall support 350 concurrent users without any degradation of performance in the application.@1 0

30@The system shall update the inventory in an acceptable time.@-1 -1

31@System shall let the administrator add/remove categories on the website in under 5 minutes.@0 -1

32@the response time should not be more than 10 seconds. @0 -1

33@System shall let administrator add/remove movies on the website in under 5 minutes. @0 -1

34@The detailed report shall be returned no later than 90 seconds after the user has entered the report criteria.@0 -1

35@The product must be highly configurable for use with various database management systems for the end users.  80% of end users are able to integrate new database management systems with the product without changing the product抯 software code. @1 0

36@The product shall be able support 1000 simultaneous users. @1 0

37@The query results shall be presented no later than 45 seconds after the user has input the query parameters.@0 -1

38@95% of saved user settings shall be restored when the app restarts.@1 0

39@The Disputes application shall interface with the Letters application.  This will allow the Disputes application to request letters as part of the dispute initiation and dispute follow up process. All letter requests must be sent to the Print Letter Utility application. @1 1

40@The website shall be capable of supporting 100 000 customers. @1 0

41@The WCS system shall be available at all times as long as IBMís internal intranet W3 is accessible. The WCS system will be available 95% of the time IBMís internal intranet W3 is available.@1 0

42@When purchasing a streaming movie or pre-paid card via credit card  the processing time should have a maximum response time of 15 seconds.@0 -1

43@The service shall be available for use 18 hours per day, 300 days per year.@1 1

44@All business rules specified in the Disputes System shall be in compliance with the Merchant Operating Regulations. @1 1

45@The product shall be available 24 hours per day  seven days per week.@1 1

46@The search for recycled parts shall take no longer than 15 seconds.  The search results shall be returned in under 15 seconds. @0 -1

47@The preferred repair facility ratings shall be saved within 5 seconds. The save shall occur within 5 seconds. @0 -1

48@ Customer shall be able to check the status of their prepaid card  by entering in the PIN number  in under 5 seconds.@0 -1

49@90% of survey respondents from each target market country will find that the date and time formatting of the product is correct. @1 0

50@The number of mistakes noted by the students shall be decreased by 50% in the first year. @0 -1

51@System shall let the administrator add/remove categories on the website in under 5 minutes. @0 -1

52@A new user must be able to be added to the system within 10 minutes.  90% of new users are able to log into the system within 10 minutes. @0 -1

53@The product and/or adjacent hardware/software systems data shall remain 100% uncorrupted each time malicious data is input into the product. @1 0

54@The product shall be capable of handling the existing 1000 users. This number is expected to grow 5 times within the next year. @1 0

55@Total lead cycle time must be completed in 5 minutes. @0 -1

56@A new user shall be able to navigate through the league and team pages within 30 seconds of reaching the start-up page. @0 -1

57@The product shall be able to be installed in any operating environment within 2 days. @0 -1

58@Izogn Administrator must be able to update the category listings on the website within 2 minutes.@0 -1

59@The product shall poll the system for messages every second.The product shall poll the system for new messages at a maximum of every 1 second.@0 -1

60@The response time shall be fast enough to maintain the flow of the game.  The response time shall be no more than 2 seconds. @0 -1

61@The maximum wait time for a user navigating from one screen to another within the Disputes application shall be no more than 5 seconds. @0 -1

62@The software shall be expected to manage the training program curriculum and session scheduling for a minimum of 3 years.@1 0

63@All movies shall be streamed on demand  at any time of the day. @1 1

64@The product shall synchronize with the office system every hour.  @1 -1

65@The search for the preferred repair facility shall take no longer than 8 seconds.  The preferred repair facility is returned within 8 seconds@0 -1

66@The system shall be responsive. At the DePaul TeleServices Center  when a supervisor uses the system to view a callers schedule  the system response time must be no more than 2 seconds.  @0 -1

67@When purchasing a streaming movie or pre-paid card via credit card  the processing time should have a maximum response time of 15 seconds.@0 -1

68@The product shall able to handle a large number of games simultaneously. @1 1

69@The product shall achieve a 98% uptime. The product shall not fail more than 2% of the available online time. @0 -1

70@The RFS system shall be available 90% of the time all year  and 98% during the budgeting period.  @1 0

71@data files shall be received from the BDW and loaded into the RFS system within 3 hours one day prior to the start of budgeting process  every year. @0 -1

72@The product interface should be fast. The response time of the product interface should not exceed 2 seconds. @0 -1

73@Recreation of Inventory Quantity Adjustment for the period of previous 30 days shall take no more than 30min.@0 -1

74@The product shall give users feedback when necessary. 80% of the users surveyed report that the product accurately confirms their actions. @1 0

75@On a 56k connection  the system response time for all operations must be no more than 6 seconds. @0 -1

76@The product shall be able to be installed in the specified environment within 1 working day. @0 -1

77@The Disputes application shall support 350 concurrent users without any degradation of performance in the application. @1 0

78@The system shall refresh the display every 60 seconds.  @1 -1

79@Izogn Administrator must be able to add new products to the website within 2 minutes.@0 -1

80@The platform shall be able to support multiple concurrent users.@1 1

81@The Disputes application shall interface with the Cardmember Information Database.  The Cardmember Information Database provides detailed information with regard to a cardmember.  All cardmember detail information must be obtained from the Cardmember Information Database. @1 1

82@95% of the product look & feel will be approved by the Architecture group  prior to implementation. @1 0

83@Users shall feel satisfied using the product.  85% of all users will be satisfied with the product. @1 0

84@Total lead cycle time must be completed in 5 minutes for 90% of lead volume between the business hours of 8AM CST to 8PM CST; then 3 minutes for 99% of lead volume during off business hours.@1 0

85@The interface shall be appealing to callers and supervisors. In the interface and usability survey  80% of beta testers must report that the interface is appealing. @1 0

86@The product shall be able to handle up to 1500 simultaneous users. The system shall perform with 1500 users as a time.@1 0

87@The product interface should be fast. The response time of the product interface should not exceed 2 seconds 90% of the time. For 10% of the time  the response time should not be more than 10 seconds.@1 0
88@The product shall adhere to the corporate online availability schedule.  The application is brought down only within 98% of the scheduled outages per the availability schedule.@0 -1

89@The average number of recycled parts records per day shall be 50 000.@1 -1

90@Customers should be able to purchase and watch a pre-determined movie in under 3 minutes.@0 -1

91@The average number of recycled parts records per day shall be 50 000. @1 -1

92@The response time shall be fast enough to maintain the flow of the game. The response time shall be no more than 2 seconds for 95% of responses and no more than 4% for the remaining responses.@1 0

93@As long as the user has a stable network connection, the application will be available 95% of the time during the first three months of operation.@1 0

94@The product shall be able to process all transactions.The product shall process minimum of 1 million transactions per year. @1 0

95@No lead evaluation will complete in a time period longer than 25 seconds for 97% of all leads processed.@1 0

96@An anonymous survey will show that 95% of customers are comfortable using and purchasing pre-paid cards after a month of using the system. @1 0

97@The product shall be able to handle 10 000 concurrent users within 2 years of the initial launch.@1 0

98@The process must fit within the processing time conditions set forth by the Auto Rep Assignment process in which a lead is assigned within 3 minutes of the total life cycle. @0 -1

99@The streaming server will support 50 simultaneous streaming connections. @1 0

100@98% of the user workstations shall meet the minimum software requirements prior to implementation: Microsoft Internet Explorer 5.0. Microsoft .NET Framework 1.1. @1 0

101@The application shall have a downtime of at most 10 minutes per year.@0 -1

102@The recycled parts audit report shall be returned to the user within 10 seconds.  The audit report shall be returned within 10 seconds. @0 -1

103@Izogn Administrator must be able to update the category listings on the website within 2 minutes. @0 -1

104@The server will support a maximum of 1000 simultaneous users. @1 0

105@The product should be able to be used by 90% of novice users on the Internet. @1 0

106@Out of 500 accesses to the database, the database is available 995 times.@1 0

107@Administrator shall be able to activate a pre-paid card via the Administration section in under 5 seconds.@0 -1

108@The language of the product shall accommodate all of the target market countries. 90% of survey respondents from each target market country will find that the language of the product is acceptable.@1 0

109@The product shall be able to process 10 000 transactions per hour within two years of its launch.  This number will increase to 20 000 by Release 2.@1 0

110@100% of cardmember services representatives shall be able to successfully create a dispute case on the first encounter after completing the training course. @1 0

111@The software shall generate reports in a acceptable time.@-1 -1

112@System shall let customers register on the website in under 10 minutes. @0 -1

113@Promotional updates to the website should take a day to update. @0 -1

114@The system shall be capable of processing 100% of nursing students and their classes for the next 10 years. @1 0

115@The product shall process messages within 2 seconds.The product shall have a maximum message processing time of 2 seconds@0 -1

116@System shall let existing customers log into the website with their email address and password in under 5 seconds.@0 -1

117@Maintenance releases will be offered to customers once a year.  The releases shall take no longer than 5 minutes for 80% of the customer base to install. @0 -1

118@The process must fit within the processing time conditions set forth by the Auto Rep Assignment process in which a lead is assigned within 3 minutes of the total life cycle.@0 -1

119@registered users shall find a solution to their problem within 5 minutes of using the support site. @0 -1

120@The response time shall be fast enough for 95% of responses. @1 0

121@The product shall be available 24 hours per day  seven days per week. @1 0

122@An employee will be able to successfully use the product within a few minutes.  After informally navigating the product for less than 15 minutes  users shall be able to successfully setup meetings and reserve conference rooms. @0 -1

123@The message board shall contain the 5 most recently posted messages on the league page. @1 -1

124@Total lead cycle time must be completed in 3 minutes. @0 -1

125@The product shall be able to process all transactions.The product shall process minimum of 1 million transactions per year.@1 0

126@Users should be able to access their streaming movies in under 2 clicks after logging into the website. @0 -1

127@The system shall be easy to use by callers and supervisors. Callers and supervisors must be able to accomplish any system task within 2 minutes. @0 -1

128@All business rules specified in the Disputes System shall be in compliance to the guidelines of Regulation E and Regulation Z. @1 1

129@The system must use a point and click interface. 100% of all selection and navigation functionality must be able to be activated/selected by either a mouse or a keyboard. @1 0

130@System shall let administrators generate unique pre-paid pins in under 2 minutes and generate an Excel file with the generated PINs.@0 -1

131@The website shall be capable of supporting 100 000 customers.@1 0

132@The product shall able to handle a large number of games simultaneously.@1 1

133@Total lead cycle time must be completed for 99% of lead volume during off business hours. @1 0

134@System shall let administrator add/remove movies on the website in under 5 minutes.  Entered movie information will be stored in the database and will now be available on the website.@0 -1

135@No lead evaluation will complete for 97% of all leads processed. @0 -1

136@The service shall be available for use between the hours of 9am and 5pm.@1 0

137@The system shall be expected to manage the nursing program curriculum and class/clinical scheduling for a minimum of 5 years. @1 0

138@system shall be able to handle all of the user requests/usage during business hours. @1 1

139@The system shall be able to manage all of the data requests/processing during working hours.@1 1

140@Minimum Hard Disk Space: 400MB. @1 0

141@The product interface should be fast for 90% of the time. @1 0

142@The product shall be easy to use by Adjusters and Collision Estimators.  95% of Adjusters and Collision Estimators shall find the product easy to use. @1 0

143@90% of survey respondents from each target market country will find that the language of the product is acceptable. @1 0

144@The system shall achieve 95% up time. @1 0

145@The product shall achieve a 98% uptime. The product shall not fail more than 2% of the available online time.@0 -1

146@The system will provide a 24 hour 800 toll free number for support to its customers.@1 0

147@The system shall be easy to learn by callers and supervisors. Callers and supervisors shall learn how to use the system within 10 minutes. @0 -1

148@70% of registered users shall find a solution to their problem using the support site. @1 0

149@The Disputes application shall interface with the Cardmember Posting and Billing System.  This will allow the Disputes application to request adjustments to cardmember and merchant accounts. All adjustment requests must be sent to the Cardmember Posting and Billing System. @1 1

150@The recycled parts audit report shall be returned to the user within 10 seconds.  The audit report shall be returned within 10 seconds.@0 -1

151@ System shall let customers cancel their account  process shall take no longer than 2 minutes.  Database will mark the account as inactive  and user will not be able to log into the website.@0 -1

152@The product shall process messages within 2 seconds.The product shall have a maximum message processing time of 2 seconds. @0 -1

153@The application shall be able to complete every user transaction within one fourth of a second of receiving the request over the network. @0 -1

154@When streaming a movie  the buffering time should take no longer than 10 seconds.@0 -1

155@The product shall synchronize contacts and appointments in an acceptable time. @-1 -1

156@The device shall update the status information every 120 seconds.@1 -1

157@System shall let Izogn Manager access sales and usage statistics in under 2 minutes.@0 -1

158@The maximum wait time for a user navigating from one screen to another within the Disputes application shall be no more than 5 seconds.@0 -1

159@Rreports must be easy to generate. eports must be generated within one button click and exported within one button click (after selecting the report). @0 -1

160@The product shall be updated on a regular basis.The product will have a new major feature introduced every six months and quarterly maintenance releases every six months. @1 -1

161@The product shall increase productivity of Collision Estimators. 80% of the Collision Estimators shall agree their productivity has increase within 1 month of using the product. @1 0

162@100% of saved user preferences shall be restored when system comes back online. @1 0

163@The search for the preferred repair facility shall take no longer than 8 seconds.  The preferred repair facility is returned within 8 seconds @0 -1

164@The system shall be responsive. At the DePaul TeleServices Center  when a supervisor uses the system to view a callers schedule  the system response time must be no more than 2 seconds 90% of the time and no more than 5 seconds the rest of the time.@1 0

165@The response shall be fast enough to avoid interrupting the userís flow of thought.  90% of tasks shall complete within 5 seconds.  98% of tasks shall complete within 8 seconds.@1 0

166@The system shall be capable of handling the existing 500 users. This number is expected to double within the next year.@1 0

167@The search for recycled parts shall take no longer than 15 seconds.  The search results shall be returned in under 15 seconds.@0 -1

168@The preferred repair facility ratings shall be saved within 5 seconds. The save shall occur within 5 seconds.@0 -1

169@Customer shall be able to check the status of their prepaid card  by entering in the PIN number  in under 5 seconds. @0 -1

170@The product and/or dependent databases/filesystems shall not crash 100% of the time that malicious data is input into the product. @1 0

