1@System shall let the administrator add/remove categories on the website in under 5 minutes. @0 -1

2@The website shall be available for use 24 hours per day  365 days per year.@1 1

3@Out of 500 accesses to the database, the database is available 995 times.@1 0

4@The remaining 5% will be corrected and approved within one month of product release. @0 -1

5@the system response time for all operations must be for 90% of the time. @1 0

6@Users shall feel satisfied using the product.  85% of all users will be satisfied with the product. @1 0

7@The WCS system must run queries to the WCS databases once again (on a specified day) to update the available data available to CCR users. Queries must be made to external databases for data refresh once a week. @1 -1

8@95% of the product look & feel will be approved by the Architecture group  prior to implementation. @1 0

9@Total lead cycle time must be completed for 90% of lead volume between the business hours of 8AM CST to 8PM CST. @1 0

10@On a 56k connection  the system response time for all operations must be no more than 6 seconds. @0 -1

11@The product shall poll the system for messages every second.The product shall poll the system for new messages at a maximum of every 1 second. @0 -1

12@The RFS system should be available 24/7  especially during the budgeting period.  @1 0

13@The service shall be available for use between the hours of 9am and 5pm.@1 0

14@The message board shall contain the 5 most recently posted messages on the league page. @1 -1

15@registered users shall find a solution to their problem within 5 minutes of using the support site. @0 -1

16@The system shall achieve 95% up time. @1 0

17@The language of the product shall accommodate all of the target market countries. 90% of survey respondents from each target market country will find that the language of the product is acceptable.@1 0

18@The response time of general student management tasks shall take no longer than 5 seconds and the response time of schedule generation shall take no longer than 30 seconds. @0 -1

19@System shall let customers register on the website in under 10 minutes. @0 -1

20@All actions that modify an existing dispute case must be recorded in the case history. @1 1

21@The product shall able to handle a large number of games simultaneously.@1 1

22@95% of saved user settings shall be restored when the app restarts.@1 0

23@The preferred repair facility ratings shall be saved within 5 seconds. The save shall occur within 5 seconds. @0 -1

24@Total lead cycle time must be completed in 5 minutes for 90% of lead volume between the business hours of 8AM CST to 8PM CST; then 3 minutes for 99% of lead volume during off business hours.@1 0

25@All business rules specified in the Disputes System shall be in compliance with the Merchant Operating Regulations. @1 1

26@The tool shall create a summary report in an acceptable time.@-1 -1

27@The platform shall be able to support multiple concurrent users.@1 1

28@The product shall respond fast to keep up-to-date data in the display. @-1 -1

29@The product shall be available 24 hours per day  seven days per week. @1 0

30@98% of the user workstations shall meet the minimum hardware requirements prior to implementation. @1 0

31@The Disputes application shall be available 24x7x365  with the exception of the following scheduled maintenance windows.  Monday ?Saturday 3:00am to 4:00am EST Sunday 1:00amd to 5:00am EST @1 1

32@When streaming a movie  the buffering time should take no longer than 10 seconds.@0 -1

33@The product shall be able to be installed in any operating environment within 2 days. @0 -1

34@Izogn Administrator must be able to update the category listings on the website within 2 minutes.@0 -1

35@The product shall achieve a 98% uptime. The product shall not fail more than 2% of the available online time.@0 -1

36@ System shall let customers cancel their account  process shall take no longer than 2 minutes.  Database will mark the account as inactive  and user will not be able to log into the website.@0 -1

37@The product shall be able to handle up to 1500 simultaneous users. The system shall perform with 1500 users as a time. @1 0

38@The service shall be available for use 18 hours per day, 300 days per year.@1 1

39@The query results shall be presented no later than 45 seconds after the user has input the query parameters.@0 -1

40@The maximum wait time for a user navigating from one screen to another within the Disputes application shall be no more than 5 seconds.@0 -1

41@The system shall refresh the display every 60 seconds.  @1 -1

42@Out of 1000 accesses to the system  the system is available 999 times. @1 0

43@No lead evaluation will complete in a time period longer than 25 seconds. @0 -1

44@A new user shall be able to navigate through the league and team pages within 30 seconds of reaching the start-up page. @0 -1

45@The messages will contain up to the first 150 characters of the message. @0 -1

46@On a 112k connection or faster  the system response time for all operations must be no more than 3 seconds 90% of the time.@1 0

47@System shall let administrator add/remove movies on the website in under 5 minutes. @0 -1

48@The system shall be easy to use by callers and supervisors. Callers and supervisors must be able to accomplish any system task within 2 minutes. @0 -1

49@The response time shall be fast enough for 95% of responses. @1 0

50@The product shall provide Error Tracking Services.The product shall help the System Administrators and DBAs to resolve transaction errors 99% of the time. @1 0

51@Administrator shall be able to activate a pre-paid card via the Administration section in under 5 seconds.@0 -1

52@system shall be able to handle all of the user requests/usage during business hours. @1 1

53@The website shall be available for use 24 hours per day  365 days per year. @1 1

54@data files shall be received from the BDW and loaded into the RFS system within 3 hours one day prior to the start of budgeting process  every year. @0 -1

55@The website shall achieve 99.5% up time. @1 0

56@100% of customers will be able to receive automatic software updates transmitted to the installed product. @1 0

57@An employee will be able to successfully use the product within a few minutes.  After informally navigating the product for less than 15 minutes  users shall be able to successfully setup meetings and reserve conference rooms. @0 -1

58@After one use a user should understand and remember 90% of the system usage and navigation. @1 0

59@The Disputes application shall support 350 concurrent users without any degradation of performance in the application.@1 0

60@The WCS system shall be available at all times as long as IBM internal intranet W3 is accessible. The WCS system will be available 95% of the time IBMæŠ¯ internal intranet W3 is available. @1 0

61@The interface shall be appealing to callers and supervisors. In the interface and usability survey  80% of beta testers must report that the interface is appealing. @1 0

62@Izogn Administrator must be able to update the category listings on the website within 2 minutes. @0 -1

63@the time exceed 10 seconds should not be more than 10% of the time. @0 -1

64@The streaming server will support a maximum of 700 movies; new servers can be added to support more movies. @1 0

65@The system shall have high availability every day of the year.The system must be available for use between 12:00AM and 6:00PM all days of the year.@1 0

66@The Disputes application shall interface with the Cardmember Information Database.  The Cardmember Information Database provides detailed information with regard to a cardmember.  All cardmember detail information must be obtained from the Cardmember Information Database. @1 1

67@System shall let administrator de-activate a customer account in under 1 minute. Customer will no longer be able to access the website.@0 -1

68@100% of the cardmember and merchant services representatives shall use the Disputes application regularly after a 2-day training course. @1 0

69@The number of mistakes noted by the students shall be decreased by 50% in the first year. @0 -1

70@The product shall be capable of handling up to 1000 concurrent requests.  This number will increase to 2 000 by Release 2.  The concurrency capacity must be able to handle peak scheduling times such as early morning and late afternoon hours. @1 0

71@If projected  the data must be understandable. On a 10x10 projection screen  90% of viewers must be able to determine that Events or Activities are occuring in current time from a viewing distance of 100 @1 0

72@The product interface should be fast. The response time of the product interface should not exceed 2 seconds. @0 -1

73@The product shall be expected to operate for at least 5 years for each customer installation.@1 0

74@The product shall process messages within 2 seconds.The product shall have a maximum message processing time of 2 seconds@0 -1

75@The product and/or adjacent hardware/software systems data shall remain 100% uncorrupted each time malicious data is input into the product. @1 0

76@Any interface between a user and the automated system shall have a maximum response time of 5 seconds  unless noted by an exception below.@0 -1

77@The server shall synchronize with the backup system every 2 hours.@1 -1

78@The product interface should be fast. The response time of the product interface should not exceed 2 seconds 90% of the time. For 10% of the time  the response time should not be more than 10 seconds.@1 0
79@The system shall be easy to learn by callers and supervisors. Callers and supervisors shall learn how to use the system within 10 minutes. @0 -1

80@The recycled parts audit report shall be returned to the user within 10 seconds.  The audit report shall be returned within 10 seconds. @0 -1

81@98% of the user workstations shall meet the minimum software requirements prior to implementation: Microsoft Internet Explorer 5.0. Microsoft .NET Framework 1.1. @1 0

82@For each emerging target market  it shall take no more than 5 days to configure the product for that market language. @0 -1

83@The product shall generate a CMA report in an acceptable time. @-1 -1

84@The streaming server will support 50 simultaneous streaming connections. @1 0

85@System shall let administrator de-activate a customer account in under 1 minute.  @0 -1

86@The maximum wait time for a user navigating from one screen to another within the Disputes application shall be no more than 5 seconds. @0 -1

87@The application shall accommodate 20 simultaneous users.@1 0

88@no more than 4% for the remaining responses. @0 -1

89@100% of merchant services representatives shall be able to successfully perform a follow up action on a dispute case on the first encounter after completing the training course. @1 0

