1@The Disputes application shall interface with the Cardmember Posting and Billing System.  This will allow the Disputes application to request adjustments to cardmember and merchant accounts. All adjustment requests must be sent to the Cardmember Posting and Billing System. @1 1

2@The application shall be able to complete every user transaction within one fourth of a second of receiving the request over the network. @0 -1

3@The system shall be responsive for 90% of the time. @1 0

4@The product shall achieve a 98% uptime. The product shall not fail more than 2% of the available online time.@0 -1

5@The product shall be able to be installed in any operating environment within 2 days. @0 -1

6@The system shall cater to 10 simultaneous users from 9am to 5pm. @1 -1

7@The product shall be able to process all transactions.The product shall process minimum of 1 million transactions per year.@1 0

8@The product shall poll the system for messages every second.The product shall poll the system for new messages at a maximum of every 1 second. @0 -1

9@The response time of general student management tasks shall take no longer than 5 seconds and the response time of schedule generation shall take no longer than 30 seconds. @0 -1

10@Aside from server failure  the software product shall achieve 99.99% up time.@1 0

11@Team members shall be able to finish a series of tasks promptly.@-1 -1

12@the system response time for all operations must be for 90% of the time. @1 0

13@The website shall load fast to display the latest news.@-1 -1

14@The service shall be available for use 18 hours per day, 300 days per year.@1 1

15@the system response time for all operations must be for 90% of the time. @1 0

16@The application shall accommodate 20 simultaneous users.@1 0

17@The system must use a point and click interface. 100% of all selection and navigation functionality must be able to be activated/selected by either a mouse or a keyboard. @1 0

18@On a 112k connection or faster  the system response time for all operations must be no more than 3 seconds 90% of the time.@1 0

19@The product shall be available 99% of the time. Rationale: To avoid service interruption during busiest customer service response periods. The product shall be available 99.99% of the time for regular business days. @1 0

20@No lead evaluation will complete for 97% of all leads processed. @0 -1

21@Users should only have to navigate through a maximum of 4 pages  to create an account with the website	. @0 -1

22@90% of survey respondents from each target market country will find that the language of the product is acceptable. @1 0

23@The product shall provide Error Tracking Services.The product shall help the System Administrators and DBAs to resolve transaction errors 99% of the time. @1 0

24@The product shall make the users want to use it. 80% of the users surveyed report they are regularly using the product after the first 2 weeks post-launch. @1 0

25@The search for recycled parts shall take no longer than 15 seconds.  The search results shall be returned in under 15 seconds. @0 -1

26@The maximum wait time for a user navigating from one screen to another within the Disputes application shall be no more than 5 seconds. @0 -1

27@System shall let customers cancel their account  process shall take no longer than 2 minutes. @0 -1

28@The product shall be able to process all transactions.The product shall process minimum of 1 million transactions per year. @1 0

29@98% of the user workstations shall meet the minimum hardware requirements prior to implementation. @1 0

30@Total lead cycle time must be completed in 5 minutes. @0 -1

31@The remaining 5% will be corrected within a week of notification of the incorrect display. @0 -1

32@The streaming server will support 50 simultaneous streaming connections.@1 0

33@The server will support a maximum of 1 000 simultaneous users.@1 0

34@The streaming server will support a maximum of 700 movies; new servers can be added to support more movies.@1 0

35@System shall let administrators generate unique pre-paid pins in under 2 minutes and generate an Excel file with the generated PINs.@0 -1

36@System shall let administrator add/remove movies on the website in under 5 minutes. @0 -1

37@System shall let administrator de-activate a customer account in under 1 minute. Customer will no longer be able to access the website.@0 -1

38@If projected  the data must be understandable. On a 10x10 projection screen  90% of viewers must be able to determine that Events or Activities are occuring in current time from a viewing distance of 100 @1 0

39@The product shall generate a CMA report in an acceptable time. @-1 -1

40@The server shall synchronize with the backup system every 2 hours.@1 -1

41@The WCS system must run queries to the WCS databases once again (on a specified day) to update the available data available to CCR users. Queries must be made to external databases for data refresh once a week. @1 -1

42@System shall let Izogn Manager access sales and usage statistics in under 2 minutes. @0 -1

43@Administrator shall be able to activate a pre-paid card via the Administration section in under 5 seconds. @0 -1

44@The message board shall contain the 5 most recently posted messages on the league page. @1 -1

45@The system shall achieve 95% up time. @1 0

46@The Disputes application shall be available 24x7x365  with the exception of the following scheduled maintenance windows.  Monday ?Saturday 3:00am to 4:00am EST Sunday 1:00amd to 5:00am EST @1 1

47@The WCS system shall be available at all times as long as IBM internal intranet W3 is accessible. The WCS system will be available 95% of the time IBM抯 internal intranet W3 is available. @1 0

48@The product and/or dependent databases/filesystems shall remain operational as a result of the input of malicious data.  The product and/or dependent databases/filesystems shall not crash 100% of the time that malicious data is input into the product.@1 1

49@Izogn Administrator must be able to add new products to the website within 2 minutes.@0 -1

50@The product shall be capable of handling up to 1000 concurrent requests.  This number will increase to 2 000 by Release 2.  The concurrency capacity must be able to handle peak scheduling times such as early morning and late afternoon hours. @1 0

51@The system shall be capable of processing 100% of nursing students and their classes for the next 10 years. @1 0

52@The number of mistakes noted by the students shall be decreased by 50% in the first year. @0 -1

53@The website shall be able to support 500 simultaneous visitors.@1 0

54@System shall let customers register on the website as a ìpay as you goî user in under 5 minutes.@0 -1

55@Izogn Administrator must be able to update the category listings on the website within 2 minutes. @0 -1

56@no more than 4% for the remaining responses. @0 -1

57@The response shall be fast enough to avoid interrupting the userís flow of thought.  90% of tasks shall complete within 5 seconds.  98% of tasks shall complete within 8 seconds.@1 0

58@The system will provide a 24 hour 800 toll free number for support to its customers.@1 0

59@The system must be available for use between 7:00AM and 11:59PM all days of the year.@1 0

60@registered users shall find a solution to their problem within 5 minutes of using the support site. @0 -1

61@The product shall be able to process 10 000 transactions per hour within two years of its launch.  This number will increase to 20 000 by Release 2.@1 0

62@The language of the product shall accommodate all of the target market countries. 90% of survey respondents from each target market country will find that the language of the product is acceptable.@1 0

63@100% of merchant services representatives shall be able to successfully perform a follow up action on a dispute case on the first encounter after completing the training course. @1 0

64@The system shall be capable of registering 100% of new students and their courses.@1 0

65@95% of saved user settings shall be restored when the app restarts.@1 0

66@The product shall be able to be installed in the specified environment within 1 working day. @0 -1

67@100% of customers will be able to receive automatic software updates transmitted to the installed product. @1 0

68@On a 56k connection  the system response time for all operations must be no more than 6 seconds 90% of the time.@1 0

69@system shall be able to handle all of the user requests/usage during business hours. @1 1

70@The product shall give users feedback when necessary. 80% of the users surveyed report that the product accurately confirms their actions. @1 0

71@No lead evaluation will complete in a time period longer than 25 seconds. @0 -1

72@The RFS system should be available 24/7  especially during the budgeting period.  @1 0

73@Any interface between a user and the automated system shall have a maximum response time of 5 seconds  unless noted by an exception below.@0 -1

74@The product should be able to be used by 90% of novice users on the Internet. @1 0

75@100% of all search queries for reservations by user shall be from logons of only management logons. @1 0

76@All business rules specified in the Disputes System shall be in compliance to the guidelines of Regulation E and Regulation Z. @1 1

77@The search for the preferred repair facility shall take no longer than 8 seconds.  The preferred repair facility is returned within 8 seconds@0 -1

78@The website shall be available for use 24 hours per day  365 days per year.@1 1

79@data files shall be received from the BDW and loaded into the RFS system within 3 hours one day prior to the start of budgeting process  every year. @0 -1

80@For leads that process longer than 25 seconds the system will record the event and duration. @0 -1

81@The system shall update the inventory in an acceptable time.@-1 -1

82@Recreation of Inventory Quantity Adjustment for the period of previous 30 days shall take no more than 30min.@0 -1

83@The website shall achieve 99.5% up time.@1 0

84@The average number of recycled parts records per day shall be 50 000.@1 -1

85@The website shall be capable of supporting 100 000 customers. @1 0

86@An anonymous survey will show that 70% of customers are comfortable purchasing streaming movies after 2 weeks using the website. @1 0

87@70% of registered users shall find a solution to their problem using the support site. @1 0

88@The tool shall create a summary report in an acceptable time.@-1 -1

89@The product shall be available 24 hours per day  seven days per week.@1 1

90@95% of the product look & feel will be approved by the Architecture group  prior to implementation. @1 0

91@The product must be designed using Design Patterns and coding best practices.  90% of maintenance software developers are able to integrate new functionality into the product with 2 working days. @1 0

92@The product shall be expected to operate within the maximum maintenance budget for a minimum of 2 years. @1 0

93@The response time shall be fast enough to maintain the flow of the game.  The response time shall be no more than 2 seconds. @0 -1

94@The product shall respond fast to keep up-to-date data in the display. @-1 -1

95@When purchasing a streaming movie or pre-paid card via credit card  the processing time should have a maximum response time of 15 seconds.@0 -1

96@The product interface should be fast. The response time of the product interface should not exceed 2 seconds. @0 -1

97@All business rules specified in the Disputes System shall be in compliance with the Merchant Operating Regulations. @1 1

98@The product shall synchronize with the office system every hour.  @1 -1

99@90% of survey respondents from each target market country will find that the date and time formatting of the product is correct. @1 0

100@The Disputes application shall interface with the Cardmember Information Database.  The Cardmember Information Database provides detailed information with regard to a cardmember.  All cardmember detail information must be obtained from the Cardmember Information Database. @1 1

101@The response time shall be fast enough to maintain the flow of the game.  The response time shall be no more than 2 seconds for 95% of responses and no more than 4% for the remaining responses.@1 0

102@ System shall let customers cancel their account  process shall take no longer than 2 minutes.  Database will mark the account as inactive  and user will not be able to log into the website.@0 -1

103@The product shall be capable of handling the existing 1000 users. This number is expected to grow 5 times within the next year. @1 0

104@The network shall achieve 90% up time.@1 0

105@The system shall be able to manage all of the data requests/processing during working hours.@1 1

106@Minimum Hard Disk Space: 400MB. @1 0

107@The remaining 5% will be corrected and approved within one month of product release. @0 -1

108@The average number of recycled parts records per day shall be 50 000. @1 -1

109@The maximum wait time for a user navigating from one screen to another within the Disputes application shall be no more than 5 seconds.@0 -1

110@The product shall achieve a 98% uptime. The product shall not fail more than 2% of the available online time. @0 -1

111@The query results shall be presented no later than 45 seconds after the user has input the query parameters.@0 -1

112@When streaming a movie  the buffering time should take no longer than 10 seconds (plus any latency on the userís connection.)@0 -1

113@The product shall be available during normal business hours. As long as the user has access to the client PC  the system will be available 99% of the time during the first six months of operation. @1 0

114@Rreports must be easy to generate. eports must be generated within one button click and exported within one button click (after selecting the report). @0 -1

115@The detailed report shall be returned no later than 90 seconds after the user has entered the report criteria.@0 -1

116@The product must be highly configurable for use with various database management systems for the end users.  80% of end users are able to integrate new database management systems with the product without changing the product抯 software code. @1 0

117@All updates to data files or database must be initiated from the Disputes System. @1 1

118@All additions of new users and modifications to user access shall be recorded on the User Report. @1 1

119@Promotional updates to the website should take a day to update. @0 -1

120@All actions that modify an existing dispute case must be recorded in the case history. @1 1

121@System shall let existing customers log into the website with their email address and password in under 5 seconds. @0 -1

122@The product interface should be fast. The response time of the product interface should not exceed 2 seconds 90% of the time. For 10% of the time  the response time should not be more than 10 seconds.@1 0
123@Izogn Administrator must be able to update the category listings on the website within 2 minutes.@0 -1

124@90% of untrained realtors shall be able to install the product on their device without printed instructions @1 0

125@The product shall be easy to use. 90% of users will be able to successfully reserve a conference room within 5 minutes of product use. @1 0

126@The recycled parts audit report shall be returned to the user within 10 seconds.  The audit report shall be returned within 10 seconds. @0 -1

127@The RFS system shall be available 90% of the time all year  and 98% during the budgeting period.  @1 0

128@The application shall be able to complete every user transaction within one fourth of a second of receiving the request over the network.@0 -1

129@The product and/or dependent databases/filesystems shall not crash 100% of the time that malicious data is input into the product. @1 0

130@Users shall feel satisfied using the product.  85% of all users will be satisfied with the product. @1 0

131@The recycled parts audit report shall be returned to the user within 10 seconds.  The audit report shall be returned within 10 seconds.@0 -1

132@Test files shall be loaded up to 5 times throughout the year from the BDW. @0 -1

133@The messages will contain up to the first 150 characters of the message. @0 -1

134@Administrator shall be able to activate a pre-paid card via the Administration section in under 5 seconds.@0 -1

135@The streaming server will support a maximum of 700 movies; new servers can be added to support more movies. @1 0

136@the time exceed 10 seconds should not be more than 10% of the time. @0 -1

137@Total lead cycle time must be completed for 99% of lead volume during off business hours. @1 0

138@The product shall be available 99% of the time. Rationale: To avoid service interruption during busiest customer service response periods. The product shall be available 99.99% of the time for regular business days.@1 0

139@The search for the preferred repair facility shall take no longer than 8 seconds.  The preferred repair facility is returned within 8 seconds @0 -1

140@The product shall process messages within 2 seconds.The product shall have a maximum message processing time of 2 seconds. @0 -1

141@The system shall be capable of handling the existing 500 users. This number is expected to double within the next year.@1 0

142@The interface shall be appealing to callers and supervisors. In the interface and usability survey  80% of beta testers must report that the interface is appealing. @1 0

143@The search for recycled parts shall take no longer than 15 seconds.  The search results shall be returned in under 15 seconds.@0 -1

144@2 out of 3 Program Administrators/Nursing Staff Members shall successfully be able to use the system to manage the scheduling of classes and clinicals. @1 0

145@A new user shall be able to navigate through the league and team pages within 30 seconds of reaching the start-up page. @0 -1

146@As long as the user has a stable network connection, the application will be available 95% of the time during the first three months of operation.@1 0

147@All CCR users shall receive training before the WCS system is deployed. One training session will be held for 100% of CCR users before system deployment (based on a CCR user being available) @1 0

148@If projected  the data must be readable.  On a 10x10 projection screen  90% of viewers must be able to read Event / Activity data from a viewing distance of 30 @1 0

149@A new user must be able to be added to the system within 10 minutes.  90% of new users are able to log into the system within 10 minutes. @0 -1

150@The system shall be responsive. At the DePaul TeleServices Center  when a supervisor uses the system to view a callers schedule  the system response time must be no more than 2 seconds.  @0 -1

151@The streaming server will support 50 simultaneous streaming connections. @1 0

152@The system shall be responsive. At the DePaul TeleServices Center  when a supervisor uses the system to view a callers schedule  the system response time must be no more than 2 seconds 90% of the time and no more than 5 seconds the rest of the time.@1 0

153@System shall let existing customers log into the website with their email address and password in under 5 seconds.@0 -1

154@After one use a user should understand and remember 90% of the system usage and navigation. @1 0

155@The product shall be available 24 hours per day  seven days per week. @1 0

156@The response time shall be fast enough to maintain the flow of the game. The response time shall be no more than 2 seconds for 95% of responses and no more than 4% for the remaining responses.@1 0

157@The display of all the pages will be correct in 95% of the resolutions  prior to implementation.  @1 0

158@Customer shall be able to check the status of their prepaid card  by entering in the PIN number  in under 5 seconds. @0 -1

159@All movies shall be streamed on demand  at any time of the day. @1 1

160@System shall let Izogn Manager access sales and usage statistics in under 2 minutes.@0 -1

161@The product shall be expected to operate for at least 5 years for each customer installation.@1 0

162@The product shall be able to handle 10 000 concurrent users within 2 years of the initial launch. @1 0

163@The product shall be capable of handling up to 1 000 concurrent requests.  This number will increase to 2 000 by Release 2.  The concurrency capacity must be able to handle peak scheduling times such as early morning and late afternoon hours.@1 0

164@100% of saved user preferences shall be restored when system comes back online. @1 0

165@New branches/complexes/districts/regions and revenue/expense accounts added to the BDW  must be reflected in the RFS system. 100% of the entities (mentioned above) available as of October month-end  will be loaded into the RFS system  prior to the budget start process. @1 0

166@The System shall allow for a minimum of  6 users to work at the same time.@1 0

167@The product and/or adjacent hardware/software systems data shall remain 100% uncorrupted each time malicious data is input into the product. @1 0

168@The system shall be easy to learn by callers and supervisors. Callers and supervisors shall learn how to use the system within 10 minutes. @0 -1

169@The application shall have a downtime of at most 10 minutes per year. @0 -1

170@On a 56k connection  the system response time for all operations must be no more than 6 seconds. @0 -1

