1@The product shall increase productivity of Collision Estimators. 80% of the Collision Estimators shall agree their productivity has increase within 1 month of using the product. @1 0

2@The application shall have a downtime of at most 10 minutes per year. @0 -1

3@100% of all logons shall be by either company employees or external users with company-approved user IDs. @1 0

4@The product shall be available 24 hours per day  seven days per week. @1 0

5@The Disputes application shall be available 24x7x365  with the exception of the following scheduled maintenance windows.  Monday ?Saturday 3:00am to 4:00am EST Sunday 1:00amd to 5:00am EST @1 1

6@No lead evaluation will complete for 97% of all leads processed. @0 -1

7@The mobile app shall function in airplane mode whenever wireless connection is unavailable.@1 1

8@The system shall cater to 10 simultaneous users from 9am to 5pm. @1 -1

9@The device shall update the status information every 120 seconds.@1 -1

10@90% of survey respondents from each target market country will find that the date and time formatting of the product is correct. @1 0

11@100% of cardmember services representatives shall be able to successfully create a dispute case on the first encounter after completing the training course. @1 0

12@100% of merchant services representatives shall be able to successfully perform a follow up action on a dispute case on the first encounter after completing the training course. @1 0

13@The system shall be capable of processing 100% of nursing students and their classes for the next 10 years. @1 0

14@The search for the preferred repair facility shall take no longer than 8 seconds.  The preferred repair facility is returned within 8 seconds @0 -1

15@The product shall make the users want to use it. 80% of the users surveyed report they are regularly using the product after the first 2 weeks post-launch. @1 0

16@The server will support a maximum of 1000 simultaneous users. @1 0

17@The software shall be expected to manage the training program curriculum and session scheduling for a minimum of 3 years.@1 0

18@When streaming a movie  the buffering time should take no longer than 10 seconds (plus any latency on the userís connection.)@0 -1

19@The preferred repair facility ratings shall be saved within 5 seconds. The save shall occur within 5 seconds.@0 -1

20@The service shall be available for use between the hours of 9am and 5pm.@1 0

21@As long as the user has a stable network connection, the application will be available 95% of the time during the first three months of operation.@1 0

22@ Customer shall be able to check the status of their prepaid card  by entering in the PIN number  in under 5 seconds.@0 -1

23@When purchasing a streaming movie or pre-paid card via credit card  the processing time should have a maximum response time of 15 seconds.@0 -1

24@The server will support a maximum of 1 000 simultaneous users.@1 0

25@The System shall allow for a minimum of  6 users to work at the same time. @1 0

26@The system shall be responsive. At the DePaul TeleServices Center  when a supervisor uses the system to view a callers schedule  the system response time must be no more than 2 seconds 90% of the time and no more than 5 seconds the rest of the time.@1 0

27@All CCR users shall receive training before the WCS system is deployed. One training session will be held for 100% of CCR users before system deployment (based on a CCR user being available) @1 0

28@The product shall achieve a 98% uptime. The product shall not fail more than 2% of the available online time. @0 -1

29@The system must use a point and click interface. 100% of all selection and navigation functionality must be able to be activated/selected by either a mouse or a keyboard. @1 0

30@The website shall achieve 99.5% up time. @1 0

31@The product shall process messages within 2 seconds.The product shall have a maximum message processing time of 2 seconds@0 -1

32@The product and/or dependent databases/filesystems shall not crash 100% of the time that malicious data is input into the product. @1 0

33@The system must be available for use between 7:00AM and 11:59PM all days of the year.@1 0

34@The maximum wait time for a user navigating from one screen to another within the Disputes application shall be no more than 5 seconds. @0 -1

35@The system shall refresh the display every 60 seconds.  @1 -1

36@A new user shall be able to navigate through the league and team pages within 30 seconds of reaching the start-up page. @0 -1

37@The product shall respond fast to keep up-to-date data in the display. @-1 -1

38@The product shall be intuitive and self-explanatory.  :  90% of new users shall be able to start the display of Events or Activities within 90 minutes of using the product. @1 0

39@The recycled parts audit report shall be returned to the user within 10 seconds.  The audit report shall be returned within 10 seconds.@0 -1

40@Users shall feel satisfied using the product.  85% of all users will be satisfied with the product. @1 0

41@The search results shall be returned no later 30 seconds  after the user has entered the search criteria @0 -1

42@The product shall able to handle a large number of games simultaneously.@1 1

43@ System shall let customers cancel their account  process shall take no longer than 2 minutes.  Database will mark the account as inactive  and user will not be able to log into the website.@0 -1

44@The response time of common customer service tasks shall take no longer than 8 seconds and the response time of order processing shall take no longer than 60 seconds.@0 -1

45@Administrator shall be able to activate a pre-paid card via the Administration section in under 5 seconds. @0 -1

46@The WCS system must run queries to the WCS databases once again (on a specified day) to update the available data available to CCR users. Queries must be made to external databases for data refresh once a week. @1 -1

47@The average number of recycled parts records per day shall be 50 000. @1 -1

48@the system response time for all operations must be for 90% of the time. @1 0

49@The WCS system shall be available at all times as long as IBM internal intranet W3 is accessible. The WCS system will be available 95% of the time IBM抯 internal intranet W3 is available. @1 0

50@The service shall be available for use 18 hours per day, 300 days per year.@1 1

51@The response time shall be fast enough for 95% of responses. @1 0

52@All additions of new users and modifications to user access shall be recorded on the User Report. @1 1

53@Minimum Hard Disk Space: 400MB. @1 0

54@The platform shall be able to support multiple concurrent users.@1 1

55@The product shall provide Error Tracking Services.The product shall help the System Administrators and DBAs to resolve transaction errors 99% of the time. @1 0

56@The product must be designed using Design Patterns and coding best practices.  90% of maintenance software developers are able to integrate new functionality into the product with 2 working days. @1 0

57@System shall let customers cancel their account  process shall take no longer than 2 minutes. @0 -1

58@The product shall be able support 1000 simultaneous users. @1 0

59@The recycled parts audit report shall be returned to the user within 10 seconds.  The audit report shall be returned within 10 seconds. @0 -1

60@The system shall be responsive. At the DePaul TeleServices Center  when a supervisor uses the system to view a callers schedule  the system response time must be no more than 2 seconds.  @0 -1

61@Users should only have to navigate through a maximum of 4 pages  to create an account with the website	. @0 -1

62@The product shall be easy to use by Adjusters and Collision Estimators.  95% of Adjusters and Collision Estimators shall find the product easy to use. @1 0

63@The product shall be able to process 10 000 transactions per hour within two years of its launch.  This number will increase to 20 000 by Release 2.@1 0

64@The website shall be available for use 24 hours per day  365 days per year.@1 1

65@100% of the cardmember and merchant services representatives shall use the Disputes application regularly after a 2-day training course. @1 0

66@The system shall have high availability every day of the year.The system must be available for use between 12:00AM and 6:00PM all days of the year.@1 0

67@Maintenance releases will be offered to customers once a year.  The releases shall take no longer than 5 minutes for 80% of the customer base to install. @0 -1

68@All actions that modify an existing dispute case must be recorded in the case history. @1 1

69@The product shall produce search results in an acceptable time @-1 -1

70@Team members shall be able to finish a series of tasks promptly.@-1 -1

71@All movies shall be streamed on demand  at any time of the day.@1 1

72@The application shall be able to complete every user transaction within one fourth of a second of receiving the request over the network. @0 -1

73@The streaming server will support 50 simultaneous streaming connections.@1 0

74@98% of the user workstations shall meet the minimum software requirements prior to implementation: Microsoft Internet Explorer 5.0. Microsoft .NET Framework 1.1. @1 0

75@the time exceed 10 seconds should not be more than 10% of the time. @0 -1

76@System shall let administrators generate unique pre-paid pins in under 2 minutes and generate an Excel file with the generated PINs.@0 -1

77@The system shall be able to manage all of the data requests/processing during working hours.@1 1

78@For each emerging target market  it shall take no more than 5 days to configure the product for that market language. @0 -1

79@Izogn Administrator must be able to add new products to the website within 2 minutes. @0 -1

80@The process must fit within the processing time conditions set forth by the Auto Rep Assignment process in which a lead is assigned within 3 minutes of the total life cycle. @0 -1

81@The software shall generate reports in a acceptable time.@-1 -1

82@The product shall be capable of handling up to 1000 concurrent requests.  This number will increase to 2 000 by Release 2.  The concurrency capacity must be able to handle peak scheduling times such as early morning and late afternoon hours. @1 0

83@The streaming server will support 50 simultaneous streaming connections. @1 0

84@The website shall be capable of supporting 100 000 customers. @1 0

85@All updates to data files or database must be initiated from the Disputes System. @1 1

86@registered users shall find a solution to their problem within 5 minutes of using the support site. @0 -1

87@No lead evaluation will complete in a time period longer than 25 seconds. @0 -1

88@data files shall be received from the BDW and loaded into the RFS system within 3 hours one day prior to the start of budgeting process  every year. @0 -1

89@Out of 500 accesses to the database, the database is available 995 times.@1 0

